Component: ARM Compiler 5.06 update 7 (build 960) Tool: armlink [4d3601]

==============================================================================

Section Cross References

    startup_stm32f427xx.o(STACK) refers (Special) to heapauxi.o(.text) for __use_two_region_memory
    startup_stm32f427xx.o(HEAP) refers (Special) to heapauxi.o(.text) for __use_two_region_memory
    startup_stm32f427xx.o(RESET) refers (Special) to heapauxi.o(.text) for __use_two_region_memory
    startup_stm32f427xx.o(RESET) refers to startup_stm32f427xx.o(STACK) for __initial_sp
    startup_stm32f427xx.o(RESET) refers to startup_stm32f427xx.o(.text) for Reset_Handler
    startup_stm32f427xx.o(RESET) refers to stm32f4xx_it.o(i.NMI_Handler) for NMI_Handler
    startup_stm32f427xx.o(RESET) refers to stm32f4xx_it.o(i.HardFault_Handler) for HardFault_Handler
    startup_stm32f427xx.o(RESET) refers to stm32f4xx_it.o(i.MemManage_Handler) for MemManage_Handler
    startup_stm32f427xx.o(RESET) refers to stm32f4xx_it.o(i.BusFault_Handler) for BusFault_Handler
    startup_stm32f427xx.o(RESET) refers to stm32f4xx_it.o(i.UsageFault_Handler) for UsageFault_Handler
    startup_stm32f427xx.o(RESET) refers to port.o(.emb_text) for SVC_Handler
    startup_stm32f427xx.o(RESET) refers to stm32f4xx_it.o(i.DebugMon_Handler) for DebugMon_Handler
    startup_stm32f427xx.o(RESET) refers to freertos_middleware.o(i.SysTick_Handler) for SysTick_Handler
    startup_stm32f427xx.o(RESET) refers to can_receive.o(i.CAN1_RX0_IRQHandler) for CAN1_RX0_IRQHandler
    startup_stm32f427xx.o(RESET) refers to freertos_middleware.o(i.TIM3_IRQHandler) for TIM3_IRQHandler
    startup_stm32f427xx.o(RESET) refers to rc.o(i.USART1_IRQHandler) for USART1_IRQHandler
    startup_stm32f427xx.o(RESET) refers to can_receive.o(i.CAN2_RX1_IRQHandler) for CAN2_RX1_IRQHandler
    startup_stm32f427xx.o(RESET) refers to usart7.o(i.UART7_IRQHandler) for UART7_IRQHandler
    startup_stm32f427xx.o(RESET) refers to usart8.o(i.UART8_IRQHandler) for UART8_IRQHandler
    startup_stm32f427xx.o(.text) refers (Special) to heapauxi.o(.text) for __use_two_region_memory
    startup_stm32f427xx.o(.text) refers to system_stm32f4xx.o(i.SystemInit) for SystemInit
    startup_stm32f427xx.o(.text) refers to __main.o(!!!main) for __main
    startup_stm32f427xx.o(.text) refers to startup_stm32f427xx.o(HEAP) for Heap_Mem
    startup_stm32f427xx.o(.text) refers to startup_stm32f427xx.o(STACK) for Stack_Mem
    system_stm32f4xx.o(i.SystemCoreClockUpdate) refers to system_stm32f4xx.o(.data) for SystemCoreClock
    system_stm32f4xx.o(i.SystemInit) refers to system_stm32f4xx.o(i.SetSysClock) for SetSysClock
    stm32f4xx_adc.o(i.ADC_DeInit) refers to stm32f4xx_rcc.o(i.RCC_APB2PeriphResetCmd) for RCC_APB2PeriphResetCmd
    stm32f4xx_can.o(i.CAN_DeInit) refers to stm32f4xx_rcc.o(i.RCC_APB1PeriphResetCmd) for RCC_APB1PeriphResetCmd
    stm32f4xx_can.o(i.CAN_GetITStatus) refers to stm32f4xx_can.o(i.CheckITStatus) for CheckITStatus
    stm32f4xx_cryp.o(i.CRYP_DeInit) refers to stm32f4xx_rcc.o(i.RCC_AHB2PeriphResetCmd) for RCC_AHB2PeriphResetCmd
    stm32f4xx_cryp_aes.o(i.CRYP_AES_CBC) refers to stm32f4xx_cryp.o(i.CRYP_KeyStructInit) for CRYP_KeyStructInit
    stm32f4xx_cryp_aes.o(i.CRYP_AES_CBC) refers to stm32f4xx_cryp.o(i.CRYP_FIFOFlush) for CRYP_FIFOFlush
    stm32f4xx_cryp_aes.o(i.CRYP_AES_CBC) refers to stm32f4xx_cryp.o(i.CRYP_Init) for CRYP_Init
    stm32f4xx_cryp_aes.o(i.CRYP_AES_CBC) refers to stm32f4xx_cryp.o(i.CRYP_KeyInit) for CRYP_KeyInit
    stm32f4xx_cryp_aes.o(i.CRYP_AES_CBC) refers to stm32f4xx_cryp.o(i.CRYP_Cmd) for CRYP_Cmd
    stm32f4xx_cryp_aes.o(i.CRYP_AES_CBC) refers to stm32f4xx_cryp.o(i.CRYP_GetFlagStatus) for CRYP_GetFlagStatus
    stm32f4xx_cryp_aes.o(i.CRYP_AES_CBC) refers to stm32f4xx_cryp.o(i.CRYP_IVInit) for CRYP_IVInit
    stm32f4xx_cryp_aes.o(i.CRYP_AES_CBC) refers to stm32f4xx_cryp.o(i.CRYP_GetCmdStatus) for CRYP_GetCmdStatus
    stm32f4xx_cryp_aes.o(i.CRYP_AES_CBC) refers to stm32f4xx_cryp.o(i.CRYP_DataIn) for CRYP_DataIn
    stm32f4xx_cryp_aes.o(i.CRYP_AES_CBC) refers to stm32f4xx_cryp.o(i.CRYP_DataOut) for CRYP_DataOut
    stm32f4xx_cryp_aes.o(i.CRYP_AES_CCM) refers to stm32f4xx_cryp.o(i.CRYP_KeyStructInit) for CRYP_KeyStructInit
    stm32f4xx_cryp_aes.o(i.CRYP_AES_CCM) refers to stm32f4xx_cryp.o(i.CRYP_FIFOFlush) for CRYP_FIFOFlush
    stm32f4xx_cryp_aes.o(i.CRYP_AES_CCM) refers to stm32f4xx_cryp.o(i.CRYP_KeyInit) for CRYP_KeyInit
    stm32f4xx_cryp_aes.o(i.CRYP_AES_CCM) refers to stm32f4xx_cryp.o(i.CRYP_IVInit) for CRYP_IVInit
    stm32f4xx_cryp_aes.o(i.CRYP_AES_CCM) refers to stm32f4xx_cryp.o(i.CRYP_Init) for CRYP_Init
    stm32f4xx_cryp_aes.o(i.CRYP_AES_CCM) refers to stm32f4xx_cryp.o(i.CRYP_PhaseConfig) for CRYP_PhaseConfig
    stm32f4xx_cryp_aes.o(i.CRYP_AES_CCM) refers to stm32f4xx_cryp.o(i.CRYP_DataIn) for CRYP_DataIn
    stm32f4xx_cryp_aes.o(i.CRYP_AES_CCM) refers to stm32f4xx_cryp.o(i.CRYP_Cmd) for CRYP_Cmd
[...]
    x$fpl$fnaninf                            0x08006a06   Section      140  fnaninf.o(x$fpl$fnaninf)
    $v0                                      0x08006a06   Number         0  fnaninf.o(x$fpl$fnaninf)
    x$fpl$fpinit                             0x08006a92   Section       10  fpinit.o(x$fpl$fpinit)
    $v0                                      0x08006a92   Number         0  fpinit.o(x$fpl$fpinit)
    x$fpl$usenofp                            0x08006a9c   Section        0  usenofp.o(x$fpl$usenofp)
    .data                                    0x10000000   Section       68  tasks.o(.data)
    pxDelayedTaskList                        0x10000004   Data           4  tasks.o(.data)
    pxOverflowDelayedTaskList                0x10000008   Data           4  tasks.o(.data)
    uxDeletedTasksWaitingCleanUp             0x1000000c   Data           4  tasks.o(.data)
    uxCurrentNumberOfTasks                   0x10000010   Data           4  tasks.o(.data)
    xTickCount                               0x10000014   Data           4  tasks.o(.data)
    uxTopReadyPriority                       0x10000018   Data           4  tasks.o(.data)
    xSchedulerRunning                        0x1000001c   Data           4  tasks.o(.data)
    uxPendedTicks                            0x10000020   Data           4  tasks.o(.data)
    xYieldPending                            0x10000024   Data           4  tasks.o(.data)
    xNumOfOverflows                          0x10000028   Data           4  tasks.o(.data)
    uxTaskNumber                             0x1000002c   Data           4  tasks.o(.data)
    xNextTaskUnblockTime                     0x10000030   Data           4  tasks.o(.data)
    xIdleTaskHandle                          0x10000034   Data           4  tasks.o(.data)
    uxSchedulerSuspended                     0x10000038   Data           4  tasks.o(.data)
    ulTaskSwitchedInTime                     0x1000003c   Data           4  tasks.o(.data)
    ulTotalRunTime                           0x10000040   Data           4  tasks.o(.data)
    .data                                    0x10000044   Section       20  timers.o(.data)
    pxCurrentTimerList                       0x10000044   Data           4  timers.o(.data)
    pxOverflowTimerList                      0x10000048   Data           4  timers.o(.data)
    xTimerQueue                              0x1000004c   Data           4  timers.o(.data)
    xTimerTaskHandle                         0x10000050   Data           4  timers.o(.data)
    xLastTime                                0x10000054   Data           4  timers.o(.data)
    .data                                    0x10000058   Section       12  port.o(.data)
    uxCriticalNesting                        0x10000058   Data           4  port.o(.data)
    ucMaxSysCallPriority                     0x1000005c   Data           1  port.o(.data)
    ulMaxPRIGROUPValue                       0x10000060   Data           4  port.o(.data)
    .data                                    0x10000064   Section        8  delay.o(.data)
    fac_us                                   0x10000064   Data           1  delay.o(.data)
    fac_ms                                   0x10000068   Data           4  delay.o(.data)
    .data                                    0x1000006c   Section        2  rc.o(.data)
    this_time_rx_len                         0x1000006c   Data           2  rc.o(.data)
    .data                                    0x10000070   Section       16  usart7.o(.data)
    .data                                    0x10000080   Section        2  communicationtask.o(.data)
    .data                                    0x10000084   Section       28  gimbaltask.o(.data)
    .data                                    0x100000a0   Section       56  leftandrighttask.o(.data)
    .bss                                     0x100000d8   Section      740  tasks.o(.bss)
    pxReadyTasksLists                        0x100000d8   Data         640  tasks.o(.bss)
    xDelayedTaskList1                        0x10000358   Data          20  tasks.o(.bss)
    xDelayedTaskList2                        0x1000036c   Data          20  tasks.o(.bss)
    xPendingReadyList                        0x10000380   Data          20  tasks.o(.bss)
    xTasksWaitingTermination                 0x10000394   Data          20  tasks.o(.bss)
    xSuspendedTaskList                       0x100003a8   Data          20  tasks.o(.bss)
    .bss                                     0x100003bc   Section       40  timers.o(.bss)
    xActiveTimerList1                        0x100003bc   Data          20  timers.o(.bss)
    xActiveTimerList2                        0x100003d0   Data          20  timers.o(.bss)
    .bss                                     0x100003e4   Section       94  rc.o(.bss)
    .bss                                     0x10000444   Section      488  can_receive.o(.bss)
    .bss                                     0x1000062c   Section      144  chassistask.o(.bss)
    .bss                                     0x100006bc   Section      288  leftandrighttask.o(.bss)
    .bss                                     0x100007dc   Section       24  maintask.o(.bss)
    .bss                                     0x100007f4   Section       96  libspace.o(.bss)
    .data                                    0x20000000   Section       20  system_stm32f4xx.o(.data)
    .data                                    0x20000014   Section       16  stm32f4xx_rcc.o(.data)
    APBAHBPrescTable                         0x20000014   Data          16  stm32f4xx_rcc.o(.data)
    .data                                    0x20000024   Section       24  heap_4.o(.data)
    xStart                                   0x20000024   Data           8  heap_4.o(.data)
    pxEnd                                    0x2000002c   Data           4  heap_4.o(.data)
    xFreeBytesRemaining                      0x20000030   Data           4  heap_4.o(.data)
    xMinimumEverFreeBytesRemaining           0x20000034   Data           4  heap_4.o(.data)
    xBlockAllocatedBit                       0x20000038   Data           4  heap_4.o(.data)
    .data                                    0x2000003c   Section       32  main.o(.data)
    .data                                    0x2000005c   Section        2  can_receive.o(.data)
    i                                        0x2000005c   Data           1  can_receive.o(.data)
    i                                        0x2000005d   Data           1  can_receive.o(.data)
    .data                                    0x20000060   Section       16  usart8.o(.data)
    Count                                    0x2000006c   Data           1  usart8.o(.data)
    last_rsnum                               0x2000006d   Data           1  usart8.o(.data)
    rsimu_flag                               0x2000006e   Data           1  usart8.o(.data)
    rsacc_flag                               0x2000006f   Data           1  usart8.o(.data)
    .data                                    0x20000070   Section       28  chassistask.o(.data)
    .data                                    0x2000008c   Section       56  upanddowntask.o(.data)
    .data                                    0x200000c8   Section       12  freertos_middleware.o(.data)
    .bss                                     0x200000d4   Section       64  queue.o(.bss)
    .bss                                     0x20000114   Section    131072  heap_4.o(.bss)
    ucHeap                                   0x20000114   Data       131072  heap_4.o(.bss)
    .bss                                     0x20020114   Section      328  usart8.o(.bss)
    .bss                                     0x2002025c   Section       72  communicationtask.o(.bss)
    .bss                                     0x200202a4   Section      144  gimbaltask.o(.bss)
    .bss                                     0x20020334   Section      288  upanddowntask.o(.bss)
    HEAP                                     0x20020458   Section        0  startup_stm32f427xx.o(HEAP)
    STACK                                    0x20020458   Section     1024  startup_stm32f427xx.o(STACK)
    Heap_Mem                                 0x20020458   Data           0  startup_stm32f427xx.o(HEAP)
    Stack_Mem                                0x20020458   Data        1024  startup_stm32f427xx.o(STACK)
    __initial_sp                             0x20020858   Data           0  startup_stm32f427xx.o(STACK)

    Global Symbols

    Symbol Name                              Value     Ov Type        Size  Object(Section)

    BuildAttributes$$THM_ISAv4$E$P$D$K$B$S$7EM$VFPi3$EXTD16$VFPS$VFMA$PE$A:L22UL41UL21$X:L11$S22US41US21$IEEE1$IW$USESV6$~STKCKD$USESV7$~SHL$OTIME$ROPI$IEEEX$EBA8$UX$STANDARDLIB$REQ8$PRES8$EABIv2 0x00000000   Number         0  anon$$obj.o ABSOLUTE
    __ARM_use_no_argv                        0x00000000   Number         0  main.o ABSOLUTE
    __ARM_exceptions_init                     - Undefined Weak Reference
    __alloca_initialize                       - Undefined Weak Reference
    __arm_fini_                               - Undefined Weak Reference
    __arm_preinit_                            - Undefined Weak Reference
    __cpp_initialize__aeabi_                  - Undefined Weak Reference
    __cxa_finalize                            - Undefined Weak Reference
    __rt_locale                               - Undefined Weak Reference
    __sigvec_lookup                           - Undefined Weak Reference
    _atexit_init                              - Undefined Weak Reference
    _call_atexit_fns                          - Undefined Weak Reference
    _clock_init                               - Undefined Weak Reference
    _fp_trap_init                             - Undefined Weak Reference
    _fp_trap_shutdown                         - Undefined Weak Reference
    _get_lc_collate                           - Undefined Weak Reference
    _get_lc_ctype                             - Undefined Weak Reference
    _get_lc_monetary                          - Undefined Weak Reference
    _get_lc_numeric                           - Undefined Weak Reference
    _get_lc_time                              - Undefined Weak Reference
    _getenv_init                              - Undefined Weak Reference
    _handle_redirection                       - Undefined Weak Reference
    _init_alloc                               - Undefined Weak Reference
    _init_user_alloc                          - Undefined Weak Reference
    _initio                                   - Undefined Weak Reference
    _printf_mbtowc                            - Undefined Weak Reference
    _printf_post_padding                      - Undefined Weak Reference
    _printf_pre_padding                       - Undefined Weak Reference
    _printf_truncate_signed                   - Undefined Weak Reference
    _printf_truncate_unsigned                 - Undefined Weak Reference
    _rand_init                                - Undefined Weak Reference
    _signal_finish                            - Undefined Weak Reference
    _signal_init                              - Undefined Weak Reference
    _terminate_alloc                          - Undefined Weak Reference
    _terminate_user_alloc                     - Undefined Weak Reference
    _terminateio                              - Undefined Weak Reference
    __Vectors_Size                           0x000001ac   Number         0  startup_stm32f427xx.o ABSOLUTE
    __Vectors                                0x08000000   Data           4  startup_stm32f427xx.o(RESET)
    __Vectors_End                            0x080001ac   Data           0  startup_stm32f427xx.o(RESET)
    __main                                   0x080001ad   Thumb Code     8  __main.o(!!!main)
    __scatterload                            0x080001b5   Thumb Code     0  __scatter.o(!!!scatter)
    __scatterload_rt2                        0x080001b5   Thumb Code    44  __scatter.o(!!!scatter)
    __scatterload_rt2_thumb_only             0x080001b5   Thumb Code     0  __scatter.o(!!!scatter)
    __scatterload_null                       0x080001c3   Thumb Code     0  __scatter.o(!!!scatter)
    __decompress                             0x080001e9   Thumb Code    90  __dczerorl2.o(!!dczerorl2)
    __decompress1                            0x080001e9   Thumb Code     0  __dczerorl2.o(!!dczerorl2)
    __scatterload_copy                       0x08000245   Thumb Code    26  __scatter_copy.o(!!handler_copy)
    __scatterload_zeroinit                   0x08000261   Thumb Code    28  __scatter_zi.o(!!handler_zi)
    __rt_lib_init                            0x0800027d   Thumb Code     0  libinit.o(.ARM.Collect$$libinit$$00000000)
    __rt_lib_init_fp_1                       0x0800027f   Thumb Code     0  libinit2.o(.ARM.Collect$$libinit$$00000001)
    __rt_lib_init_alloca_1                   0x08000283   Thumb Code     0  libinit2.o(.ARM.Collect$$libinit$$0000002E)
    __rt_lib_init_argv_1                     0x08000283   Thumb Code     0  libinit2.o(.ARM.Collect$$libinit$$0000002C)
    __rt_lib_init_atexit_1                   0x08000283   Thumb Code     0  libinit2.o(.ARM.Collect$$libinit$$0000001B)
    __rt_lib_init_clock_1                    0x08000283   Thumb Code     0  libinit2.o(.ARM.Collect$$libinit$$00000021)
    __rt_lib_init_cpp_1                      0x08000283   Thumb Code     0  libinit2.o(.ARM.Collect$$libinit$$00000032)
    __rt_lib_init_exceptions_1               0x08000283   Thumb Code     0  libinit2.o(.ARM.Collect$$libinit$$00000030)
    __rt_lib_init_fp_trap_1                  0x08000283   Thumb Code     0  libinit2.o(.ARM.Collect$$libinit$$0000001F)
    __rt_lib_init_getenv_1                   0x08000283   Thumb Code     0  libinit2.o(.ARM.Collect$$libinit$$00000023)
    __rt_lib_init_heap_1                     0x08000283   Thumb Code     0  libinit2.o(.ARM.Collect$$libinit$$0000000A)
    __rt_lib_init_lc_collate_1               0x08000283   Thumb Code     0  libinit2.o(.ARM.Collect$$libinit$$00000011)
    __rt_lib_init_lc_ctype_1                 0x08000283   Thumb Code     0  libinit2.o(.ARM.Collect$$libinit$$00000013)
    __rt_lib_init_lc_monetary_1              0x08000283   Thumb Code     0  libinit2.o(.ARM.Collect$$libinit$$00000015)
    __rt_lib_init_lc_numeric_1               0x08000283   Thumb Code     0  libinit2.o(.ARM.Collect$$libinit$$00000017)
    __rt_lib_init_lc_time_1                  0x08000283   Thumb Code     0  libinit2.o(.ARM.Collect$$libinit$$00000019)
    __rt_lib_init_preinit_1                  0x08000283   Thumb Code     0  libinit2.o(.ARM.Collect$$libinit$$00000004)
    __rt_lib_init_rand_1                     0x08000283   Thumb Code     0  libinit2.o(.ARM.Collect$$libinit$$0000000E)
    __rt_lib_init_return                     0x08000283   Thumb Code     0  libinit2.o(.ARM.Collect$$libinit$$00000033)
    __rt_lib_init_signal_1                   0x08000283   Thumb Code     0  libinit2.o(.ARM.Collect$$libinit$$0000001D)
    __rt_lib_init_stdio_1                    0x08000283   Thumb Code     0  libinit2.o(.ARM.Collect$$libinit$$00000025)
    __rt_lib_init_user_alloc_1               0x08000283   Thumb Code     0  libinit2.o(.ARM.Collect$$libinit$$0000000C)
    __rt_lib_shutdown                        0x08000285   Thumb Code     0  libshutdown.o(.ARM.Collect$$libshutdown$$00000000)
    __rt_lib_shutdown_cpp_1                  0x08000287   Thumb Code     0  libshutdown2.o(.ARM.Collect$$libshutdown$$00000004)
    __rt_lib_shutdown_fini_1                 0x08000287   Thumb Code     0  libshutdown2.o(.ARM.Collect$$libshutdown$$00000002)
    __rt_lib_shutdown_fp_trap_1              0x08000287   Thumb Code     0  libshutdown2.o(.ARM.Collect$$libshutdown$$00000009)
    __rt_lib_shutdown_heap_1                 0x08000287   Thumb Code     0  libshutdown2.o(.ARM.Collect$$libshutdown$$00000011)
    __rt_lib_shutdown_return                 0x08000287   Thumb Code     0  libshutdown2.o(.ARM.Collect$$libshutdown$$00000012)
    __rt_lib_shutdown_signal_1               0x08000287   Thumb Code     0  libshutdown2.o(.ARM.Collect$$libshutdown$$0000000C)
    __rt_lib_shutdown_stdio_1                0x08000287   Thumb Code     0  libshutdown2.o(.ARM.Collect$$libshutdown$$00000006)
    __rt_lib_shutdown_user_alloc_1           0x08000287   Thumb Code     0  libshutdown2.o(.ARM.Collect$$libshutdown$$0000000E)
    __rt_entry                               0x08000289   Thumb Code     0  __rtentry.o(.ARM.Collect$$rtentry$$00000000)
    __rt_entry_presh_1                       0x08000289   Thumb Code     0  __rtentry2.o(.ARM.Collect$$rtentry$$00000002)
    __rt_entry_sh                            0x08000289   Thumb Code     0  __rtentry4.o(.ARM.Collect$$rtentry$$00000004)
    __rt_entry_li                            0x0800028f   Thumb Code     0  __rtentry2.o(.ARM.Collect$$rtentry$$0000000A)
    __rt_entry_postsh_1                      0x0800028f   Thumb Code     0  __rtentry2.o(.ARM.Collect$$rtentry$$00000009)
    __rt_entry_main                          0x08000293   Thumb Code     0  __rtentry2.o(.ARM.Collect$$rtentry$$0000000D)
    __rt_entry_postli_1                      0x08000293   Thumb Code     0  __rtentry2.o(.ARM.Collect$$rtentry$$0000000C)
    __rt_exit                                0x0800029b   Thumb Code     0  rtexit.o(.ARM.Collect$$rtexit$$00000000)
    __rt_exit_ls                             0x0800029d   Thumb Code     0  rtexit2.o(.ARM.Collect$$rtexit$$00000003)
    __rt_exit_prels_1                        0x0800029d   Thumb Code     0  rtexit2.o(.ARM.Collect$$rtexit$$00000002)
    __rt_exit_exit                           0x080002a1   Thumb Code     0  rtexit2.o(.ARM.Collect$$rtexit$$00000004)
    SVC_Handler                              0x080002a9   Thumb Code    28  port.o(.emb_text)
    __asm___6_port_c_39a90d8d__prvStartFirstTask 0x080002c9   Thumb Code    28  port.o(.emb_text)
    __asm___6_port_c_39a90d8d__prvEnableVFP  0x080002e9   Thumb Code    16  port.o(.emb_text)
    PendSV_Handler                           0x080002fd   Thumb Code    88  port.o(.emb_text)
    vPortGetIPSR                             0x08000359   Thumb Code     6  port.o(.emb_text)
    Reset_Handler                            0x08000361   Thumb Code    18  startup_stm32f427xx.o(.text)
    ADC_IRQHandler                           0x08000385   Thumb Code     0  startup_stm32f427xx.o(.text)
    CAN1_RX1_IRQHandler                      0x08000385   Thumb Code     0  startup_stm32f427xx.o(.text)
    CAN1_SCE_IRQHandler                      0x08000385   Thumb Code     0  startup_stm32f427xx.o(.text)
    CAN1_TX_IRQHandler                       0x08000385   Thumb Code     0  startup_stm32f427xx.o(.text)
    CAN2_RX0_IRQHandler                      0x08000385   Thumb Code     0  startup_stm32f427xx.o(.text)
    CAN2_SCE_IRQHandler                      0x08000385   Thumb Code     0  startup_stm32f427xx.o(.text)
    CAN2_TX_IRQHandler                       0x08000385   Thumb Code     0  startup_stm32f427xx.o(.text)
    DCMI_IRQHandler                          0x08000385   Thumb Code     0  startup_stm32f427xx.o(.text)
    DMA1_Stream0_IRQHandler                  0x08000385   Thumb Code     0  startup_stm32f427xx.o(.text)
    DMA1_Stream1_IRQHandler                  0x08000385   Thumb Code     0  startup_stm32f427xx.o(.text)
    DMA1_Stream2_IRQHandler                  0x08000385   Thumb Code     0  startup_stm32f427xx.o(.text)
    DMA1_Stream3_IRQHandler                  0x08000385   Thumb Code     0  startup_stm32f427xx.o(.text)
    DMA1_Stream4_IRQHandler                  0x08000385   Thumb Code     0  startup_stm32f427xx.o(.text)
    DMA1_Stream5_IRQHandler                  0x08000385   Thumb Code     0  startup_stm32f427xx.o(.text)
    DMA1_Stream6_IRQHandler                  0x08000385   Thumb Code     0  startup_stm32f427xx.o(.text)
    DMA1_Stream7_IRQHandler                  0x08000385   Thumb Code     0  startup_stm32f427xx.o(.text)
    DMA2D_IRQHandler                         0x08000385   Thumb Code     0  startup_stm32f427xx.o(.text)
    DMA2_Stream0_IRQHandler                  0x08000385   Thumb Code     0  startup_stm32f427xx.o(.text)
    DMA2_Stream1_IRQHandler                  0x08000385   Thumb Code     0  startup_stm32f427xx.o(.text)
    DMA2_Stream2_IRQHandler                  0x08000385   Thumb Code     0  startup_stm32f427xx.o(.text)
    DMA2_Stream3_IRQHandler                  0x08000385   Thumb Code     0  startup_stm32f427xx.o(.text)
    DMA2_Stream4_IRQHandler                  0x08000385   Thumb Code     0  startup_stm32f427xx.o(.text)
    DMA2_Stream5_IRQHandler                  0x08000385   Thumb Code     0  startup_stm32f427xx.o(.text)
    DMA2_Stream6_IRQHandler                  0x08000385   Thumb Code     0  startup_stm32f427xx.o(.text)
    DMA2_Stream7_IRQHandler                  0x08000385   Thumb Code     0  startup_stm32f427xx.o(.text)
    ETH_IRQHandler                           0x08000385   Thumb Code     0  startup_stm32f427xx.o(.text)
    ETH_WKUP_IRQHandler                      0x08000385   Thumb Code     0  startup_stm32f427xx.o(.text)
    EXTI0_IRQHandler                         0x08000385   Thumb Code     0  startup_stm32f427xx.o(.text)
    EXTI15_10_IRQHandler                     0x08000385   Thumb Code     0  startup_stm32f427xx.o(.text)
    EXTI1_IRQHandler                         0x08000385   Thumb Code     0  startup_stm32f427xx.o(.text)
    EXTI2_IRQHandler                         0x08000385   Thumb Code     0  startup_stm32f427xx.o(.text)
    EXTI3_IRQHandler                         0x08000385   Thumb Code     0  startup_stm32f427xx.o(.text)
    EXTI4_IRQHandler                         0x08000385   Thumb Code     0  startup_stm32f427xx.o(.text)
    EXTI9_5_IRQHandler                       0x08000385   Thumb Code     0  startup_stm32f427xx.o(.text)
    FLASH_IRQHandler                         0x08000385   Thumb Code     0  startup_stm32f427xx.o(.text)
    FMC_IRQHandler                           0x08000385   Thumb Code     0  startup_stm32f427xx.o(.text)
    FPU_IRQHandler                           0x08000385   Thumb Code     0  startup_stm32f427xx.o(.text)
    HASH_RNG_IRQHandler                      0x08000385   Thumb Code     0  startup_stm32f427xx.o(.text)
    I2C1_ER_IRQHandler                       0x08000385   Thumb Code     0  startup_stm32f427xx.o(.text)
    I2C1_EV_IRQHandler                       0x08000385   Thumb Code     0  startup_stm32f427xx.o(.text)
    I2C2_ER_IRQHandler                       0x08000385   Thumb Code     0  startup_stm32f427xx.o(.text)
    I2C2_EV_IRQHandler                       0x08000385   Thumb Code     0  startup_stm32f427xx.o(.text)
    I2C3_ER_IRQHandler                       0x08000385   Thumb Code     0  startup_stm32f427xx.o(.text)
    I2C3_EV_IRQHandler                       0x08000385   Thumb Code     0  startup_stm32f427xx.o(.text)
    OTG_FS_IRQHandler                        0x08000385   Thumb Code     0  startup_stm32f427xx.o(.text)
    OTG_FS_WKUP_IRQHandler                   0x08000385   Thumb Code     0  startup_stm32f427xx.o(.text)
    OTG_HS_EP1_IN_IRQHandler                 0x08000385   Thumb Code     0  startup_stm32f427xx.o(.text)
    OTG_HS_EP1_OUT_IRQHandler                0x08000385   Thumb Code     0  startup_stm32f427xx.o(.text)
    OTG_HS_IRQHandler                        0x08000385   Thumb Code     0  startup_stm32f427xx.o(.text)
    OTG_HS_WKUP_IRQHandler                   0x08000385   Thumb Code     0  startup_stm32f427xx.o(.text)
    PVD_IRQHandler                           0x08000385   Thumb Code     0  startup_stm32f427xx.o(.text)
    RCC_IRQHandler                           0x08000385   Thumb Code     0  startup_stm32f427xx.o(.text)
    RTC_Alarm_IRQHandler                     0x08000385   Thumb Code     0  startup_stm32f427xx.o(.text)
    RTC_WKUP_IRQHandler                      0x08000385   Thumb Code     0  startup_stm32f427xx.o(.text)
    SAI1_IRQHandler                          0x08000385   Thumb Code     0  startup_stm32f427xx.o(.text)
    SDIO_IRQHandler                          0x08000385   Thumb Code     0  startup_stm32f427xx.o(.text)
    SPI1_IRQHandler                          0x08000385   Thumb Code     0  startup_stm32f427xx.o(.text)
    SPI2_IRQHandler                          0x08000385   Thumb Code     0  startup_stm32f427xx.o(.text)
    SPI3_IRQHandler                          0x08000385   Thumb Code     0  startup_stm32f427xx.o(.text)
    SPI4_IRQHandler                          0x08000385   Thumb Code     0  startup_stm32f427xx.o(.text)
    SPI5_IRQHandler                          0x08000385   Thumb Code     0  startup_stm32f427xx.o(.text)
    SPI6_IRQHandler                          0x08000385   Thumb Code     0  startup_stm32f427xx.o(.text)
    TAMP_STAMP_IRQHandler                    0x08000385   Thumb Code     0  startup_stm32f427xx.o(.text)
    TIM1_BRK_TIM9_IRQHandler                 0x08000385   Thumb Code     0  startup_stm32f427xx.o(.text)
    TIM1_CC_IRQHandler                       0x08000385   Thumb Code     0  startup_stm32f427xx.o(.text)
    TIM1_TRG_COM_TIM11_IRQHandler            0x08000385   Thumb Code     0  startup_stm32f427xx.o(.text)
    TIM1_UP_TIM10_IRQHandler                 0x08000385   Thumb Code     0  startup_stm32f427xx.o(.text)
    TIM2_IRQHandler                          0x08000385   Thumb Code     0  startup_stm32f427xx.o(.text)
    TIM4_IRQHandler                          0x08000385   Thumb Code     0  startup_stm32f427xx.o(.text)
    TIM5_IRQHandler                          0x08000385   Thumb Code     0  startup_stm32f427xx.o(.text)
    TIM6_DAC_IRQHandler                      0x08000385   Thumb Code     0  startup_stm32f427xx.o(.text)
    TIM7_IRQHandler                          0x08000385   Thumb Code     0  startup_stm32f427xx.o(.text)
    TIM8_BRK_TIM12_IRQHandler                0x08000385   Thumb Code     0  startup_stm32f427xx.o(.text)
    TIM8_CC_IRQHandler                       0x08000385   Thumb Code     0  startup_stm32f427xx.o(.text)
    TIM8_TRG_COM_TIM14_IRQHandler            0x08000385   Thumb Code     0  startup_stm32f427xx.o(.text)
    TIM8_UP_TIM13_IRQHandler                 0x08000385   Thumb Code     0  startup_stm32f427xx.o(.text)
    UART4_IRQHandler                         0x08000385   Thumb Code     0  startup_stm32f427xx.o(.text)
    UART5_IRQHandler                         0x08000385   Thumb Code     0  startup_stm32f427xx.o(.text)
    USART2_IRQHandler                        0x08000385   Thumb Code     0  startup_stm32f427xx.o(.text)
    USART3_IRQHandler                        0x08000385   Thumb Code     0  startup_stm32f427xx.o(.text)
    USART6_IRQHandler                        0x08000385   Thumb Code     0  startup_stm32f427xx.o(.text)
    WWDG_IRQHandler                          0x08000385   Thumb Code     0  startup_stm32f427xx.o(.text)
    __user_initial_stackheap                 0x08000389   Thumb Code     0  startup_stm32f427xx.o(.text)
    __use_no_semihosting                     0x080003ad   Thumb Code     2  use_no_semi_2.o(.text)
    strlen                                   0x080003af   Thumb Code    62  strlen.o(.text)
    __aeabi_memcpy                           0x080003ed   Thumb Code     0  rt_memcpy_v6.o(.text)
    __rt_memcpy                              0x080003ed   Thumb Code   138  rt_memcpy_v6.o(.text)
    _memcpy_lastbytes                        0x08000453   Thumb Code     0  rt_memcpy_v6.o(.text)
    __aeabi_memcpy4                          0x08000477   Thumb Code     0  rt_memcpy_w.o(.text)
    __aeabi_memcpy8                          0x08000477   Thumb Code     0  rt_memcpy_w.o(.text)
    __rt_memcpy_w                            0x08000477   Thumb Code   100  rt_memcpy_w.o(.text)
    _memcpy_lastbytes_aligned                0x080004bf   Thumb Code     0  rt_memcpy_w.o(.text)
    __aeabi_memset                           0x080004db   Thumb Code    16  aeabi_memset.o(.text)
    __use_two_region_memory                  0x080004eb   Thumb Code     2  heapauxi.o(.text)
    __rt_heap_escrow$2region                 0x080004ed   Thumb Code     2  heapauxi.o(.text)
    __rt_heap_expand$2region                 0x080004ef   Thumb Code     2  heapauxi.o(.text)
    __I$use$semihosting                      0x080004f1   Thumb Code     0  use_no_semi.o(.text)
    __use_no_semihosting_swi                 0x080004f1   Thumb Code     2  use_no_semi.o(.text)
    __aeabi_memclr                           0x080004f3   Thumb Code     0  rt_memclr.o(.text)
    __rt_memclr                              0x080004f3   Thumb Code    68  rt_memclr.o(.text)
    _memset                                  0x080004f7   Thumb Code     0  rt_memclr.o(.text)
    __aeabi_memclr4                          0x08000537   Thumb Code     0  rt_memclr_w.o(.text)
    __aeabi_memclr8                          0x08000537   Thumb Code     0  rt_memclr_w.o(.text)
    __rt_memclr_w                            0x08000537   Thumb Code    78  rt_memclr_w.o(.text)
    _memset_w                                0x0800053b   Thumb Code     0  rt_memclr_w.o(.text)
    __user_libspace                          0x08000585   Thumb Code     8  libspace.o(.text)
    __user_perproc_libspace                  0x08000585   Thumb Code     0  libspace.o(.text)
    __user_perthread_libspace                0x08000585   Thumb Code     0  libspace.o(.text)
    __user_setup_stackheap                   0x0800058d   Thumb Code    74  sys_stackheap_outer.o(.text)
    exit                                     0x080005d7   Thumb Code    18  exit.o(.text)
    BSP_init                                 0x080005e9   Thumb Code    84  main.o(i.BSP_init)
    BusFault_Handler                         0x0800063d   Thumb Code     4  stm32f4xx_it.o(i.BusFault_Handler)
    CAN1_CMD_2006                            0x08000641   Thumb Code    74  can_receive.o(i.CAN1_CMD_2006)
    CAN1_CMD_3508                            0x08000695   Thumb Code    48  can_receive.o(i.CAN1_CMD_3508)
    CAN1_RX0_IRQHandler                      0x080006cd   Thumb Code    38  can_receive.o(i.CAN1_RX0_IRQHandler)
    CAN1_mode_init                           0x08000a6d   Thumb Code   264  can.o(i.CAN1_mode_init)
    CAN2_CMD_motor34_3508                    0x08000b7d   Thumb Code    48  can_receive.o(i.CAN2_CMD_motor34_3508)
    CAN2_CMD_motor_6020                      0x08000bb5   Thumb Code    60  can_receive.o(i.CAN2_CMD_motor_6020)
    CAN2_RX1_IRQHandler                      0x08000bf9   Thumb Code    38  can_receive.o(i.CAN2_RX1_IRQHandler)
    CAN2_mode_init                           0x080010b5   Thumb Code   268  can.o(i.CAN2_mode_init)
    CAN_ClearITPendingBit                    0x080011c9   Thumb Code   162  stm32f4xx_can.o(i.CAN_ClearITPendingBit)
    CAN_FilterInit                           0x08001271   Thumb Code   258  stm32f4xx_can.o(i.CAN_FilterInit)
    CAN_GetITStatus                          0x08001379   Thumb Code   284  stm32f4xx_can.o(i.CAN_GetITStatus)
    CAN_ITConfig                             0x08001499   Thumb Code    18  stm32f4xx_can.o(i.CAN_ITConfig)
    CAN_Init                                 0x080014ab   Thumb Code   276  stm32f4xx_can.o(i.CAN_Init)
    CAN_Receive                              0x080015bf   Thumb Code   240  stm32f4xx_can.o(i.CAN_Receive)
    CAN_Transmit                             0x080016af   Thumb Code   294  stm32f4xx_can.o(i.CAN_Transmit)
    ChassisTask                              0x080017d5   Thumb Code   230  chassistask.o(i.ChassisTask)
    CommunicationTask                        0x08001909   Thumb Code   130  communicationtask.o(i.CommunicationTask)
    ConfigureTimeForRunTimeStats             0x080019a5   Thumb Code    24  freertos_middleware.o(i.ConfigureTimeForRunTimeStats)
    DMA_ClearFlag                            0x080019c1   Thumb Code    38  stm32f4xx_dma.o(i.DMA_ClearFlag)
    DMA_Cmd                                  0x080019f5   Thumb Code    22  stm32f4xx_dma.o(i.DMA_Cmd)
    DMA_DeInit                               0x08001a0d   Thumb Code   324  stm32f4xx_dma.o(i.DMA_DeInit)
    DMA_DoubleBufferModeCmd                  0x08001b65   Thumb Code    22  stm32f4xx_dma.o(i.DMA_DoubleBufferModeCmd)
    DMA_DoubleBufferModeConfig               0x08001b7b   Thumb Code    24  stm32f4xx_dma.o(i.DMA_DoubleBufferModeConfig)
    DMA_GetCurrDataCounter                   0x08001b93   Thumb Code     8  stm32f4xx_dma.o(i.DMA_GetCurrDataCounter)
    DMA_GetCurrentMemoryTarget               0x08001b9b   Thumb Code    20  stm32f4xx_dma.o(i.DMA_GetCurrentMemoryTarget)
    DMA_Init                                 0x08001bb1   Thumb Code    82  stm32f4xx_dma.o(i.DMA_Init)
    DMA_SetCurrDataCounter                   0x08001c09   Thumb Code     4  stm32f4xx_dma.o(i.DMA_SetCurrDataCounter)
    DebugMon_Handler                         0x08001c0d   Thumb Code     2  stm32f4xx_it.o(i.DebugMon_Handler)
    Decision_Function                        0x08001c0f   Thumb Code    54  maintask.o(i.Decision_Function)
    GM6020Turn                               0x08001c45   Thumb Code   194  maintask.o(i.GM6020Turn)
    GPIO_Init                                0x08001d19   Thumb Code   144  stm32f4xx_gpio.o(i.GPIO_Init)
    GPIO_PinAFConfig                         0x08001da9   Thumb Code    70  stm32f4xx_gpio.o(i.GPIO_PinAFConfig)
    GPIO_ReadInputDataBit                    0x08001def   Thumb Code    18  stm32f4xx_gpio.o(i.GPIO_ReadInputDataBit)
    GPIO_ResetBits                           0x08001e01   Thumb Code     4  stm32f4xx_gpio.o(i.GPIO_ResetBits)
    GPIO_SetBits                             0x08001e05   Thumb Code     4  stm32f4xx_gpio.o(i.GPIO_SetBits)
    GimbalTask                               0x08001e09   Thumb Code   186  gimbaltask.o(i.GimbalTask)
    GrabTask                                 0x08001ef9   Thumb Code   154  grabtask.o(i.GrabTask)
    HardFault_Handler                        0x08001fa1   Thumb Code     4  stm32f4xx_it.o(i.HardFault_Handler)
    Init_Uart7                               0x08001fa5   Thumb Code   168  usart7.o(i.Init_Uart7)
    LeftAndRightTask                         0x08002055   Thumb Code   354  leftandrighttask.o(i.LeftAndRightTask)
    MainTask                                 0x08002205   Thumb Code  3856  maintask.o(i.MainTask)
    MemManage_Handler                        0x08003149   Thumb Code     4  stm32f4xx_it.o(i.MemManage_Handler)
    NMI_Handler                              0x0800314d   Thumb Code     2  stm32f4xx_it.o(i.NMI_Handler)
    NVIC_Init                                0x08003151   Thumb Code   106  misc.o(i.NVIC_Init)
    NVIC_PriorityGroupConfig                 0x080031c9   Thumb Code    10  misc.o(i.NVIC_PriorityGroupConfig)
    PID_Calc                                 0x080031dd   Thumb Code   492  pid.o(i.PID_Calc)
    PID_Init                                 0x080033cd   Thumb Code    92  pid.o(i.PID_Init)
    RCC_AHB1PeriphClockCmd                   0x0800342d   Thumb Code    26  stm32f4xx_rcc.o(i.RCC_AHB1PeriphClockCmd)
    RCC_APB1PeriphClockCmd                   0x0800344d   Thumb Code    26  stm32f4xx_rcc.o(i.RCC_APB1PeriphClockCmd)
    RCC_APB1PeriphResetCmd                   0x0800346d   Thumb Code    26  stm32f4xx_rcc.o(i.RCC_APB1PeriphResetCmd)
    RCC_APB2PeriphClockCmd                   0x0800348d   Thumb Code    26  stm32f4xx_rcc.o(i.RCC_APB2PeriphClockCmd)
    RCC_APB2PeriphResetCmd                   0x080034ad   Thumb Code    26  stm32f4xx_rcc.o(i.RCC_APB2PeriphResetCmd)
    RCC_GetClocksFreq                        0x080034cd   Thumb Code   214  stm32f4xx_rcc.o(i.RCC_GetClocksFreq)
    RC_Init                                  0x080035b5   Thumb Code   314  rc.o(i.RC_Init)
    RemoteDataProcess                        0x08003709   Thumb Code   232  rc.o(i.RemoteDataProcess)
    Start_Task                               0x08003915   Thumb Code   186  main.o(i.Start_Task)
    SysTick_CLKSourceConfig                  0x08003a75   Thumb Code    40  misc.o(i.SysTick_CLKSourceConfig)
    SysTick_Handler                          0x08003a9d   Thumb Code    16  freertos_middleware.o(i.SysTick_Handler)
    SystemInit                               0x08003aad   Thumb Code    88  system_stm32f4xx.o(i.SystemInit)
    TIM2_Init                                0x08003b15   Thumb Code   266  timer.o(i.TIM2_Init)
    TIM3_IRQHandler                          0x08003c25   Thumb Code    48  freertos_middleware.o(i.TIM3_IRQHandler)
    TIM3_Init                                0x08003c61   Thumb Code   210  timer.o(i.TIM3_Init)
    TIM_ARRPreloadConfig                     0x08003d3d   Thumb Code    24  stm32f4xx_tim.o(i.TIM_ARRPreloadConfig)
    TIM_ClearFlag                            0x08003d55   Thumb Code     6  stm32f4xx_tim.o(i.TIM_ClearFlag)
    TIM_Cmd                                  0x08003d5b   Thumb Code    24  stm32f4xx_tim.o(i.TIM_Cmd)
    TIM_CtrlPWMOutputs                       0x08003d73   Thumb Code    30  stm32f4xx_tim.o(i.TIM_CtrlPWMOutputs)
    TIM_GetITStatus                          0x08003d91   Thumb Code    34  stm32f4xx_tim.o(i.TIM_GetITStatus)
    TIM_ITConfig                             0x08003db3   Thumb Code    18  stm32f4xx_tim.o(i.TIM_ITConfig)
    TIM_OC1Init                              0x08003dc5   Thumb Code   114  stm32f4xx_tim.o(i.TIM_OC1Init)
    TIM_OC1PreloadConfig                     0x08003e41   Thumb Code    18  stm32f4xx_tim.o(i.TIM_OC1PreloadConfig)
    TIM_OC2Init                              0x08003e55   Thumb Code   154  stm32f4xx_tim.o(i.TIM_OC2Init)
    TIM_OC2PreloadConfig                     0x08003ef9   Thumb Code    26  stm32f4xx_tim.o(i.TIM_OC2PreloadConfig)
    TIM_OC3Init                              0x08003f15   Thumb Code   150  stm32f4xx_tim.o(i.TIM_OC3Init)
    TIM_OC3PreloadConfig                     0x08003fb5   Thumb Code    18  stm32f4xx_tim.o(i.TIM_OC3PreloadConfig)
    TIM_OC4Init                              0x08003fc9   Thumb Code   112  stm32f4xx_tim.o(i.TIM_OC4Init)
    TIM_OC4PreloadConfig                     0x08004041   Thumb Code    26  stm32f4xx_tim.o(i.TIM_OC4PreloadConfig)
    TIM_SetCompare1                          0x0800405b   Thumb Code     4  stm32f4xx_tim.o(i.TIM_SetCompare1)
    TIM_SetCompare2                          0x0800405f   Thumb Code     4  stm32f4xx_tim.o(i.TIM_SetCompare2)
    TIM_TimeBaseInit                         0x08004065   Thumb Code   104  stm32f4xx_tim.o(i.TIM_TimeBaseInit)
    UART7_IRQHandler                         0x080040e9   Thumb Code    90  usart7.o(i.UART7_IRQHandler)
    UART8_IRQHandler                         0x08004155   Thumb Code   246  usart8.o(i.UART8_IRQHandler)
    USART1_IRQHandler                        0x08004279   Thumb Code   200  rc.o(i.USART1_IRQHandler)
    USART_ClearFlag                          0x08004355   Thumb Code    18  stm32f4xx_usart.o(i.USART_ClearFlag)
    USART_Cmd                                0x08004367   Thumb Code    24  stm32f4xx_usart.o(i.USART_Cmd)
    USART_DMACmd                             0x0800437f   Thumb Code    18  stm32f4xx_usart.o(i.USART_DMACmd)
    USART_DeInit                             0x08004391   Thumb Code   206  stm32f4xx_usart.o(i.USART_DeInit)
    USART_GetITStatus                        0x08004481   Thumb Code    84  stm32f4xx_usart.o(i.USART_GetITStatus)
    USART_ITConfig                           0x080044d5   Thumb Code    74  stm32f4xx_usart.o(i.USART_ITConfig)
    USART_Init                               0x08004521   Thumb Code   204  stm32f4xx_usart.o(i.USART_Init)
    USART_ReceiveData                        0x080045f5   Thumb Code    10  stm32f4xx_usart.o(i.USART_ReceiveData)
    USART_SendString                         0x080045ff   Thumb Code    52  maintask.o(i.USART_SendString)
    UpAndDownTask                            0x08004635   Thumb Code   358  upanddowntask.o(i.UpAndDownTask)
    UsageFault_Handler                       0x080047e9   Thumb Code     4  stm32f4xx_it.o(i.UsageFault_Handler)
    __hardfp_fabs                            0x080047ed   Thumb Code    20  fabs.o(i.__hardfp_fabs)
    _sys_exit                                0x08004801   Thumb Code     4  usart7.o(i._sys_exit)
    buzzer_init                              0x08004805   Thumb Code   174  buzzer.o(i.buzzer_init)
    buzzer_off                               0x080048bd   Thumb Code    12  buzzer.o(i.buzzer_off)
    buzzer_on                                0x080048cd   Thumb Code    22  buzzer.o(i.buzzer_on)
    delay_init                               0x080048e9   Thumb Code    90  delay.o(i.delay_init)
    delay_ms                                 0x08004955   Thumb Code    76  delay.o(i.delay_ms)
    led_configuration                        0x080049a5   Thumb Code   170  led.o(i.led_configuration)
    led_green_off                            0x08004a65   Thumb Code    14  led.o(i.led_green_off)
    led_red_off                              0x08004a79   Thumb Code    14  led.o(i.led_red_off)
    main                                     0x08004a8d   Thumb Code    36  main.o(i.main)
    pvPortMalloc                             0x0800542d   Thumb Code   296  heap_4.o(i.pvPortMalloc)
    pvTaskIncrementMutexHeldCount            0x08005569   Thumb Code    26  tasks.o(i.pvTaskIncrementMutexHeldCount)
    pxPortInitialiseStack                    0x08005589   Thumb Code    40  port.o(i.pxPortInitialiseStack)
    uxListRemove                             0x080055b5   Thumb Code    40  list.o(i.uxListRemove)
    vListInitialise                          0x080055dd   Thumb Code    26  list.o(i.vListInitialise)
    vListInitialiseItem                      0x080055f7   Thumb Code     6  list.o(i.vListInitialiseItem)
    vListInsert                              0x080055fd   Thumb Code    52  list.o(i.vListInsert)
    vListInsertEnd                           0x08005631   Thumb Code    24  list.o(i.vListInsertEnd)
    vPortEnterCritical                       0x08005649   Thumb Code    76  port.o(i.vPortEnterCritical)
    vPortExitCritical                        0x0800569d   Thumb Code    56  port.o(i.vPortExitCritical)
    vPortFree                                0x080056d9   Thumb Code   140  heap_4.o(i.vPortFree)
    vPortSetupTimerInterrupt                 0x0800576d   Thumb Code     2  freertos_middleware.o(i.vPortSetupTimerInterrupt)
    vPortValidateInterruptPriority           0x08005771   Thumb Code   106  port.o(i.vPortValidateInterruptPriority)
    vQueueAddToRegistry                      0x080057e9   Thumb Code    38  queue.o(i.vQueueAddToRegistry)
    vQueueWaitForMessageRestricted           0x08005815   Thumb Code    74  queue.o(i.vQueueWaitForMessageRestricted)
    vTaskDelay                               0x08005861   Thumb Code    82  tasks.o(i.vTaskDelay)
    vTaskDelete                              0x080058bd   Thumb Code   168  tasks.o(i.vTaskDelete)
    vTaskMissedYield                         0x08005985   Thumb Code     8  tasks.o(i.vTaskMissedYield)
    vTaskPlaceOnEventList                    0x08005991   Thumb Code    52  tasks.o(i.vTaskPlaceOnEventList)
    vTaskPlaceOnEventListRestricted          0x080059c9   Thumb Code    60  tasks.o(i.vTaskPlaceOnEventListRestricted)
    vTaskPriorityInherit                     0x08005a09   Thumb Code   128  tasks.o(i.vTaskPriorityInherit)
    vTaskSetTimeOutState                     0x08005a95   Thumb Code    38  tasks.o(i.vTaskSetTimeOutState)
    vTaskStartScheduler                      0x08005ac5   Thumb Code   124  tasks.o(i.vTaskStartScheduler)
    vTaskSuspendAll                          0x08005b5d   Thumb Code    12  tasks.o(i.vTaskSuspendAll)
    vTaskSwitchContext                       0x08005b6d   Thumb Code   176  tasks.o(i.vTaskSwitchContext)
    xPortStartScheduler                      0x08005c3d   Thumb Code   288  port.o(i.xPortStartScheduler)
    xPortSysTickHandler                      0x08005d79   Thumb Code    46  port.o(i.xPortSysTickHandler)
    xQueueGenericCreate                      0x08005dad   Thumb Code    88  queue.o(i.xQueueGenericCreate)
    xQueueGenericReceive                     0x08005e05   Thumb Code   446  queue.o(i.xQueueGenericReceive)
    xQueueGenericReset                       0x08005fc9   Thumb Code   146  queue.o(i.xQueueGenericReset)
    xQueueGenericSend                        0x08006061   Thumb Code   420  queue.o(i.xQueueGenericSend)
    xQueueGenericSendFromISR                 0x08006209   Thumb Code   248  queue.o(i.xQueueGenericSendFromISR)
    xTaskCheckForTimeOut                     0x08006301   Thumb Code   132  tasks.o(i.xTaskCheckForTimeOut)
    xTaskCreate                              0x0800638d   Thumb Code    96  tasks.o(i.xTaskCreate)
    xTaskGetSchedulerState                   0x080063ed   Thumb Code    24  tasks.o(i.xTaskGetSchedulerState)
    xTaskGetTickCount                        0x0800640d   Thumb Code     6  tasks.o(i.xTaskGetTickCount)
    xTaskIncrementTick                       0x08006419   Thumb Code   280  tasks.o(i.xTaskIncrementTick)
    xTaskPriorityDisinherit                  0x0800655d   Thumb Code   152  tasks.o(i.xTaskPriorityDisinherit)
    xTaskRemoveFromEventList                 0x08006601   Thumb Code   126  tasks.o(i.xTaskRemoveFromEventList)
    xTaskResumeAll                           0x08006699   Thumb Code   222  tasks.o(i.xTaskResumeAll)
    xTimerCreateTimerTask                    0x0800679d   Thumb Code    66  timers.o(i.xTimerCreateTimerTask)
    xTimerGenericCommand                     0x080067f5   Thumb Code   126  timers.o(i.xTimerGenericCommand)
    __fpl_dcmp_Inf                           0x08006879   Thumb Code    24  dcmpi.o(x$fpl$dcmpinf)
    __aeabi_cdcmple                          0x08006891   Thumb Code     0  dleqf.o(x$fpl$dleqf)
    _dcmple                                  0x08006891   Thumb Code   120  dleqf.o(x$fpl$dleqf)
    __fpl_dcmple_InfNaN                      0x080068f3   Thumb Code     0  dleqf.o(x$fpl$dleqf)
    __fpl_dnaninf                            0x08006909   Thumb Code   156  dnaninf.o(x$fpl$dnaninf)
    __fpl_dretinf                            0x080069a5   Thumb Code    12  dretinf.o(x$fpl$dretinf)
    __aeabi_f2d                              0x080069b1   Thumb Code     0  f2d.o(x$fpl$f2d)
    _f2d                                     0x080069b1   Thumb Code    86  f2d.o(x$fpl$f2d)
    __fpl_fnaninf                            0x08006a07   Thumb Code   140  fnaninf.o(x$fpl$fnaninf)
    _fp_init                                 0x08006a93   Thumb Code    10  fpinit.o(x$fpl$fpinit)
    __fplib_config_fpu_vfp                   0x08006a9b   Thumb Code     0  fpinit.o(x$fpl$fpinit)
    __fplib_config_pureend_doubles           0x08006a9b   Thumb Code     0  fpinit.o(x$fpl$fpinit)
    Region$$Table$$Base                      0x08006a9c   Number         0  anon$$obj.o(Region$$Table)
    __I$use$fp                               0x08006a9c   Number         0  usenofp.o(x$fpl$usenofp)
    Region$$Table$$Limit                     0x08006adc   Number         0  anon$$obj.o(Region$$Table)
    pxCurrentTCB                             0x10000000   Data           4  tasks.o(.data)
    USART_RX_STA                             0x10000070   Data           2  usart7.o(.data)
    USART_RX_BUF                             0x10000072   Data           6  usart7.o(.data)
    __stdout                                 0x10000078   Data           4  usart7.o(.data)
    Res                                      0x1000007c   Data           4  usart7.o(.data)
    Key                                      0x10000080   Data           1  communicationtask.o(.data)
    Key_value                                0x10000081   Data           1  communicationtask.o(.data)
    PID_Angular_Velocity_6020                0x10000084   Data          12  gimbaltask.o(.data)
    PID_Angular_6020                         0x10000090   Data          12  gimbaltask.o(.data)
    Angular_Velocity_Current_6020            0x1000009c   Data           2  gimbaltask.o(.data)
    Angular_Result_6020                      0x1000009e   Data           2  gimbaltask.o(.data)
    PID_Angular_Velocity_3508_White          0x100000a0   Data          12  leftandrighttask.o(.data)
    PID_Angular_3508_White                   0x100000ac   Data          12  leftandrighttask.o(.data)
    Angular_Velocity_Current_3508_White      0x100000b8   Data           2  leftandrighttask.o(.data)
    Angular_Result_3508_White                0x100000ba   Data           2  leftandrighttask.o(.data)
    PID_Angular_Velocity_3508_Black          0x100000bc   Data          12  leftandrighttask.o(.data)
    PID_Angular_3508_Black                   0x100000c8   Data          12  leftandrighttask.o(.data)
    Angular_Velocity_Current_3508_Black      0x100000d4   Data           2  leftandrighttask.o(.data)
    Angular_Result_3508_Black                0x100000d6   Data           2  leftandrighttask.o(.data)
    sbus_rx_buffer                           0x100003e4   Data          72  rc.o(.bss)
    RC_CtrlData                              0x1000042c   Data          22  rc.o(.bss)
    rx1_message                              0x10000444   Data          20  can_receive.o(.bss)
    rx2_message                              0x10000458   Data          20  can_receive.o(.bss)
    motor_2006                               0x1000046c   Data         128  can_receive.o(.bss)
    motor_3508                               0x100004ec   Data         128  can_receive.o(.bss)
    motor_6020                               0x1000056c   Data          96  can_receive.o(.bss)
    feedback_time                            0x100005cc   Data          11  can_receive.o(.bss)
    Motor_Expect                             0x100005d8   Data          24  can_receive.o(.bss)
    motor_2006_TxMessage                     0x100005f0   Data          20  can_receive.o(.bss)
    motor_3508_TxMessage                     0x10000604   Data          20  can_receive.o(.bss)
    motor_6020_TxMessage                     0x10000618   Data          20  can_receive.o(.bss)
    Current_Loop_3508_Chassis                0x1000062c   Data          72  chassistask.o(.bss)
    Speed_Loop_3508_Chassis                  0x10000674   Data          72  chassistask.o(.bss)
    Angular_Velocity_3508_White              0x100006bc   Data          72  leftandrighttask.o(.bss)
    Angular_3508_White                       0x10000704   Data          72  leftandrighttask.o(.bss)
    Angular_Velocity_3508_Black              0x1000074c   Data          72  leftandrighttask.o(.bss)
    Angular_3508_Black                       0x10000794   Data          72  leftandrighttask.o(.bss)
    ObjectResult                             0x100007dc   Data          24  maintask.o(.bss)
    __libspace_start                         0x100007f4   Data          96  libspace.o(.bss)
    __temporary_stack_top$libspace           0x10000854   Data           0  libspace.o(.bss)
    SystemCoreClock                          0x20000000   Data           4  system_stm32f4xx.o(.data)
    AHBPrescTable                            0x20000004   Data          16  system_stm32f4xx.o(.data)
    StartTask_Handler                        0x2000003c   Data           4  main.o(.data)
    ChassisTask_Handler                      0x20000040   Data           4  main.o(.data)
    GimbalTask_Handler                       0x20000044   Data           4  main.o(.data)
    LeftAndRightTask_Handler                 0x20000048   Data           4  main.o(.data)
    UpAndDownTask_Handler                    0x2000004c   Data           4  main.o(.data)
    GrabTask_Handler                         0x20000050   Data           4  main.o(.data)
    CommunicationTask_Handler                0x20000054   Data           4  main.o(.data)
    MainTask_Handler                         0x20000058   Data           4  main.o(.data)
    ttl_receive                              0x20000060   Data           1  usart8.o(.data)
    rs_imutype                               0x20000064   Data           4  usart8.o(.data)
    rs_ahrstype                              0x20000068   Data           4  usart8.o(.data)
    PID_Angular_Current_Loop_3508_Chassis    0x20000070   Data          12  chassistask.o(.data)
    PID_Angular_Speed_Loop_3508_Chassis      0x2000007c   Data          12  chassistask.o(.data)
    Result_Current_Loop_3508_Chassis         0x20000088   Data           2  chassistask.o(.data)
    Result_Speed_Loop_3508_Chassis           0x2000008a   Data           2  chassistask.o(.data)
    PID_Angular_Velocity_2006_White          0x2000008c   Data          12  upanddowntask.o(.data)
    PID_Angular_2006_White                   0x20000098   Data          12  upanddowntask.o(.data)
    Angular_Velocity_Current_2006_White      0x200000a4   Data           2  upanddowntask.o(.data)
    Angular_Result_2006_White                0x200000a6   Data           2  upanddowntask.o(.data)
    PID_Angular_Velocity_2006_Black          0x200000a8   Data          12  upanddowntask.o(.data)
    PID_Angular_2006_Black                   0x200000b4   Data          12  upanddowntask.o(.data)
    Angular_Velocity_Current_2006_Black      0x200000c0   Data           2  upanddowntask.o(.data)
    Angular_Result_2006_Black                0x200000c2   Data           2  upanddowntask.o(.data)
    FreeRTOSRunTimeTicks                     0x200000c8   Data           8  freertos_middleware.o(.data)
    time_flag                                0x200000d0   Data           4  freertos_middleware.o(.data)
    xQueueRegistry                           0x200000d4   Data          64  queue.o(.bss)
    Send_Data                                0x20020114   Data          48  usart8.o(.bss)
    IMUData_Packet                           0x20020144   Data          52  usart8.o(.bss)
    AHRSData_Packet                          0x20020178   Data          44  usart8.o(.bss)
    Fd_data                                  0x200201a4   Data          64  usart8.o(.bss)
    Fd_rsimu                                 0x200201e4   Data          64  usart8.o(.bss)
    Fd_rsahrs                                0x20020224   Data          56  usart8.o(.bss)
    CraneMasterDataSet                       0x2002025c   Data          72  communicationtask.o(.bss)
    Angular_Velocity_6020                    0x200202a4   Data          72  gimbaltask.o(.bss)
    Angular_6020                             0x200202ec   Data          72  gimbaltask.o(.bss)
    Angular_Velocity_2006_White              0x20020334   Data          72  upanddowntask.o(.bss)
    Angular_2006_White                       0x2002037c   Data          72  upanddowntask.o(.bss)
    Angular_Velocity_2006_Black              0x200203c4   Data          72  upanddowntask.o(.bss)
    Angular_2006_Black                       0x2002040c   Data          72  upanddowntask.o(.bss)



==============================================================================

Memory Map of the image

  Image Entry point : 0x080001ad

  Load Region LR_IROM1 (Base: 0x08000000, Size: 0x00006c88, Max: 0x00200000, ABSOLUTE)

    Execution Region ER_IROM1 (Exec base: 0x08000000, Load base: 0x08000000, Size: 0x00006adc, Max: 0x00200000, ABSOLUTE)

    Exec Addr    Load Addr    Size         Type   Attr      Idx    E Section Name        Object

    0x08000000   0x08000000   0x000001ac   Data   RO            3    RESET               startup_stm32f427xx.o
    0x080001ac   0x080001ac   0x00000008   Code   RO         7408  * !!!main             c_w.l(__main.o)
    0x080001b4   0x080001b4   0x00000034   Code   RO         7691    !!!scatter          c_w.l(__scatter.o)
    0x080001e8   0x080001e8   0x0000005a   Code   RO         7689    !!dczerorl2         c_w.l(__dczerorl2.o)
    0x08000242   0x08000242   0x00000002   PAD
    0x08000244   0x08000244   0x0000001a   Code   RO         7693    !!handler_copy      c_w.l(__scatter_copy.o)
    0x0800025e   0x0800025e   0x00000002   PAD
    0x08000260   0x08000260   0x0000001c   Code   RO         7695    !!handler_zi        c_w.l(__scatter_zi.o)
    0x0800027c   0x0800027c   0x00000002   Code   RO         7560    .ARM.Collect$$libinit$$00000000  c_w.l(libinit.o)
    0x0800027e   0x0800027e   0x00000004   Code   RO         7565    .ARM.Collect$$libinit$$00000001  c_w.l(libinit2.o)
    0x08000282   0x08000282   0x00000000   Code   RO         7568    .ARM.Collect$$libinit$$00000004  c_w.l(libinit2.o)
    0x08000282   0x08000282   0x00000000   Code   RO         7571    .ARM.Collect$$libinit$$0000000A  c_w.l(libinit2.o)
    0x08000282   0x08000282   0x00000000   Code   RO         7573    .ARM.Collect$$libinit$$0000000C  c_w.l(libinit2.o)
    0x08000282   0x08000282   0x00000000   Code   RO         7575    .ARM.Collect$$libinit$$0000000E  c_w.l(libinit2.o)
    0x08000282   0x08000282   0x00000000   Code   RO         7578    .ARM.Collect$$libinit$$00000011  c_w.l(libinit2.o)
    0x08000282   0x08000282   0x00000000   Code   RO         7580    .ARM.Collect$$libinit$$00000013  c_w.l(libinit2.o)
    0x08000282   0x08000282   0x00000000   Code   RO         7582    .ARM.Collect$$libinit$$00000015  c_w.l(libinit2.o)
    0x08000282   0x08000282   0x00000000   Code   RO         7584    .ARM.Collect$$libinit$$00000017  c_w.l(libinit2.o)
    0x08000282   0x08000282   0x00000000   Code   RO         7586    .ARM.Collect$$libinit$$00000019  c_w.l(libinit2.o)
    0x08000282   0x08000282   0x00000000   Code   RO         7588    .ARM.Collect$$libinit$$0000001B  c_w.l(libinit2.o)
    0x08000282   0x08000282   0x00000000   Code   RO         7590    .ARM.Collect$$libinit$$0000001D  c_w.l(libinit2.o)
    0x08000282   0x08000282   0x00000000   Code   RO         7592    .ARM.Collect$$libinit$$0000001F  c_w.l(libinit2.o)
    0x08000282   0x08000282   0x00000000   Code   RO         7594    .ARM.Collect$$libinit$$00000021  c_w.l(libinit2.o)
    0x08000282   0x08000282   0x00000000   Code   RO         7596    .ARM.Collect$$libinit$$00000023  c_w.l(libinit2.o)
    0x08000282   0x08000282   0x00000000   Code   RO         7598    .ARM.Collect$$libinit$$00000025  c_w.l(libinit2.o)
    0x08000282   0x08000282   0x00000000   Code   RO         7602    .ARM.Collect$$libinit$$0000002C  c_w.l(libinit2.o)
    0x08000282   0x08000282   0x00000000   Code   RO         7604    .ARM.Collect$$libinit$$0000002E  c_w.l(libinit2.o)
    0x08000282   0x08000282   0x00000000   Code   RO         7606    .ARM.Collect$$libinit$$00000030  c_w.l(libinit2.o)
    0x08000282   0x08000282   0x00000000   Code   RO         7608    .ARM.Collect$$libinit$$00000032  c_w.l(libinit2.o)
    0x08000282   0x08000282   0x00000002   Code   RO         7609    .ARM.Collect$$libinit$$00000033  c_w.l(libinit2.o)
    0x08000284   0x08000284   0x00000002   Code   RO         7629    .ARM.Collect$$libshutdown$$00000000  c_w.l(libshutdown.o)
    0x08000286   0x08000286   0x00000000   Code   RO         7639    .ARM.Collect$$libshutdown$$00000002  c_w.l(libshutdown2.o)
    0x08000286   0x08000286   0x00000000   Code   RO         7641    .ARM.Collect$$libshutdown$$00000004  c_w.l(libshutdown2.o)
    0x08000286   0x08000286   0x00000000   Code   RO         7643    .ARM.Collect$$libshutdown$$00000006  c_w.l(libshutdown2.o)
    0x08000286   0x08000286   0x00000000   Code   RO         7646    .ARM.Collect$$libshutdown$$00000009  c_w.l(libshutdown2.o)
    0x08000286   0x08000286   0x00000000   Code   RO         7649    .ARM.Collect$$libshutdown$$0000000C  c_w.l(libshutdown2.o)
    0x08000286   0x08000286   0x00000000   Code   RO         7651    .ARM.Collect$$libshutdown$$0000000E  c_w.l(libshutdown2.o)
    0x08000286   0x08000286   0x00000000   Code   RO         7654    .ARM.Collect$$libshutdown$$00000011  c_w.l(libshutdown2.o)
    0x08000286   0x08000286   0x00000002   Code   RO         7655    .ARM.Collect$$libshutdown$$00000012  c_w.l(libshutdown2.o)
    0x08000288   0x08000288   0x00000000   Code   RO         7448    .ARM.Collect$$rtentry$$00000000  c_w.l(__rtentry.o)
    0x08000288   0x08000288   0x00000000   Code   RO         7521    .ARM.Collect$$rtentry$$00000002  c_w.l(__rtentry2.o)
    0x08000288   0x08000288   0x00000006   Code   RO         7533    .ARM.Collect$$rtentry$$00000004  c_w.l(__rtentry4.o)
    0x0800028e   0x0800028e   0x00000000   Code   RO         7523    .ARM.Collect$$rtentry$$00000009  c_w.l(__rtentry2.o)
    0x0800028e   0x0800028e   0x00000004   Code   RO         7524    .ARM.Collect$$rtentry$$0000000A  c_w.l(__rtentry2.o)
    0x08000292   0x08000292   0x00000000   Code   RO         7526    .ARM.Collect$$rtentry$$0000000C  c_w.l(__rtentry2.o)
    0x08000292   0x08000292   0x00000008   Code   RO         7527    .ARM.Collect$$rtentry$$0000000D  c_w.l(__rtentry2.o)
    0x0800029a   0x0800029a   0x00000002   Code   RO         7563    .ARM.Collect$$rtexit$$00000000  c_w.l(rtexit.o)
    0x0800029c   0x0800029c   0x00000000   Code   RO         7613    .ARM.Collect$$rtexit$$00000002  c_w.l(rtexit2.o)
    0x0800029c   0x0800029c   0x00000004   Code   RO         7614    .ARM.Collect$$rtexit$$00000003  c_w.l(rtexit2.o)
    0x080002a0   0x080002a0   0x00000006   Code   RO         7615    .ARM.Collect$$rtexit$$00000004  c_w.l(rtexit2.o)
    0x080002a6   0x080002a6   0x00000002   PAD
    0x080002a8   0x080002a8   0x000000b6   Code   RO         6331    .emb_text           port.o
    0x0800035e   0x0800035e   0x00000002   PAD
    0x08000360   0x08000360   0x0000004c   Code   RO            4    .text               startup_stm32f427xx.o
    0x080003ac   0x080003ac   0x00000002   Code   RO         7361    .text               c_w.l(use_no_semi_2.o)
    0x080003ae   0x080003ae   0x0000003e   Code   RO         7398    .text               c_w.l(strlen.o)
    0x080003ec   0x080003ec   0x0000008a   Code   RO         7400    .text               c_w.l(rt_memcpy_v6.o)
    0x08000476   0x08000476   0x00000064   Code   RO         7402    .text               c_w.l(rt_memcpy_w.o)
    0x080004da   0x080004da   0x00000010   Code   RO         7404    .text               c_w.l(aeabi_memset.o)
    0x080004ea   0x080004ea   0x00000006   Code   RO         7406    .text               c_w.l(heapauxi.o)
    0x080004f0   0x080004f0   0x00000002   Code   RO         7446    .text               c_w.l(use_no_semi.o)
    0x080004f2   0x080004f2   0x00000044   Code   RO         7460    .text               c_w.l(rt_memclr.o)
    0x08000536   0x08000536   0x0000004e   Code   RO         7542    .text               c_w.l(rt_memclr_w.o)
    0x08000584   0x08000584   0x00000008   Code   RO         7548    .text               c_w.l(libspace.o)
    0x0800058c   0x0800058c   0x0000004a   Code   RO         7551    .text               c_w.l(sys_stackheap_outer.o)
    0x080005d6   0x080005d6   0x00000012   Code   RO         7553    .text               c_w.l(exit.o)
    0x080005e8   0x080005e8   0x00000054   Code   RO         6414    i.BSP_init          main.o
    0x0800063c   0x0800063c   0x00000004   Code   RO           13    i.BusFault_Handler  stm32f4xx_it.o
    0x08000640   0x08000640   0x00000054   Code   RO         6785    i.CAN1_CMD_2006     can_receive.o
    0x08000694   0x08000694   0x00000038   Code   RO         6786    i.CAN1_CMD_3508     can_receive.o
    0x080006cc   0x080006cc   0x00000030   Code   RO         6792    i.CAN1_RX0_IRQHandler  can_receive.o
    0x080006fc   0x080006fc   0x00000370   Code   RO         6793    i.CAN1_hook         can_receive.o
    0x08000a6c   0x08000a6c   0x00000110   Code   RO         6755    i.CAN1_mode_init    can.o
    0x08000b7c   0x08000b7c   0x00000038   Code   RO         6794    i.CAN2_CMD_motor34_3508  can_receive.o
    0x08000bb4   0x08000bb4   0x00000044   Code   RO         6796    i.CAN2_CMD_motor_6020  can_receive.o
    0x08000bf8   0x08000bf8   0x00000030   Code   RO         6797    i.CAN2_RX1_IRQHandler  can_receive.o
    0x08000c28   0x08000c28   0x0000048c   Code   RO         6798    i.CAN2_hook         can_receive.o
    0x080010b4   0x080010b4   0x00000114   Code   RO         6756    i.CAN2_mode_init    can.o
    0x080011c8   0x080011c8   0x000000a8   Code   RO          529    i.CAN_ClearITPendingBit  stm32f4xx_can.o
    0x08001270   0x08001270   0x00000108   Code   RO          533    i.CAN_FilterInit    stm32f4xx_can.o
    0x08001378   0x08001378   0x00000120   Code   RO          535    i.CAN_GetITStatus   stm32f4xx_can.o
    0x08001498   0x08001498   0x00000012   Code   RO          539    i.CAN_ITConfig      stm32f4xx_can.o
    0x080014aa   0x080014aa   0x00000114   Code   RO          540    i.CAN_Init          stm32f4xx_can.o
    0x080015be   0x080015be   0x000000f0   Code   RO          543    i.CAN_Receive       stm32f4xx_can.o
    0x080016ae   0x080016ae   0x00000126   Code   RO          548    i.CAN_Transmit      stm32f4xx_can.o
    0x080017d4   0x080017d4   0x00000120   Code   RO         7096    i.ChassisTask       chassistask.o
    0x080018f4   0x080018f4   0x00000012   Code   RO          551    i.CheckITStatus     stm32f4xx_can.o
    0x08001906   0x08001906   0x00000002   PAD
    0x08001908   0x08001908   0x0000009c   Code   RO         7124    i.CommunicationTask  communicationtask.o
    0x080019a4   0x080019a4   0x0000001c   Code   RO         7311    i.ConfigureTimeForRunTimeStats  freertos_middleware.o
    0x080019c0   0x080019c0   0x00000034   Code   RO         1306    i.DMA_ClearFlag     stm32f4xx_dma.o
    0x080019f4   0x080019f4   0x00000016   Code   RO         1308    i.DMA_Cmd           stm32f4xx_dma.o
    0x08001a0a   0x08001a0a   0x00000002   PAD
    0x08001a0c   0x08001a0c   0x00000158   Code   RO         1309    i.DMA_DeInit        stm32f4xx_dma.o
    0x08001b64   0x08001b64   0x00000016   Code   RO         1310    i.DMA_DoubleBufferModeCmd  stm32f4xx_dma.o
    0x08001b7a   0x08001b7a   0x00000018   Code   RO         1311    i.DMA_DoubleBufferModeConfig  stm32f4xx_dma.o
    0x08001b92   0x08001b92   0x00000008   Code   RO         1314    i.DMA_GetCurrDataCounter  stm32f4xx_dma.o
    0x08001b9a   0x08001b9a   0x00000014   Code   RO         1315    i.DMA_GetCurrentMemoryTarget  stm32f4xx_dma.o
    0x08001bae   0x08001bae   0x00000002   PAD
    0x08001bb0   0x08001bb0   0x00000058   Code   RO         1320    i.DMA_Init          stm32f4xx_dma.o
    0x08001c08   0x08001c08   0x00000004   Code   RO         1323    i.DMA_SetCurrDataCounter  stm32f4xx_dma.o
    0x08001c0c   0x08001c0c   0x00000002   Code   RO           14    i.DebugMon_Handler  stm32f4xx_it.o
    0x08001c0e   0x08001c0e   0x00000036   Code   RO         7266    i.Decision_Function  maintask.o
    0x08001c44   0x08001c44   0x000000d4   Code   RO         7267    i.GM6020Turn        maintask.o
    0x08001d18   0x08001d18   0x00000090   Code   RO         2153    i.GPIO_Init         stm32f4xx_gpio.o
    0x08001da8   0x08001da8   0x00000046   Code   RO         2154    i.GPIO_PinAFConfig  stm32f4xx_gpio.o
    0x08001dee   0x08001dee   0x00000012   Code   RO         2157    i.GPIO_ReadInputDataBit  stm32f4xx_gpio.o
    0x08001e00   0x08001e00   0x00000004   Code   RO         2160    i.GPIO_ResetBits    stm32f4xx_gpio.o
    0x08001e04   0x08001e04   0x00000004   Code   RO         2161    i.GPIO_SetBits      stm32f4xx_gpio.o
    0x08001e08   0x08001e08   0x000000f0   Code   RO         7158    i.GimbalTask        gimbaltask.o
    0x08001ef8   0x08001ef8   0x000000a8   Code   RO         7186    i.GrabTask          grabtask.o
    0x08001fa0   0x08001fa0   0x00000004   Code   RO           15    i.HardFault_Handler  stm32f4xx_it.o
    0x08001fa4   0x08001fa4   0x000000b0   Code   RO         6922    i.Init_Uart7        usart7.o
    0x08002054   0x08002054   0x000001b0   Code   RO         7210    i.LeftAndRightTask  leftandrighttask.o
    0x08002204   0x08002204   0x00000f44   Code   RO         7268    i.MainTask          maintask.o
    0x08003148   0x08003148   0x00000004   Code   RO           16    i.MemManage_Handler  stm32f4xx_it.o
    0x0800314c   0x0800314c   0x00000002   Code   RO           17    i.NMI_Handler       stm32f4xx_it.o
    0x0800314e   0x0800314e   0x00000002   PAD
    0x08003150   0x08003150   0x00000078   Code   RO          233    i.NVIC_Init         misc.o
    0x080031c8   0x080031c8   0x00000014   Code   RO          234    i.NVIC_PriorityGroupConfig  misc.o
    0x080031dc   0x080031dc   0x000001f0   Code   RO         6670    i.PID_Calc          pid.o
    0x080033cc   0x080033cc   0x00000060   Code   RO         6671    i.PID_Init          pid.o
    0x0800342c   0x0800342c   0x00000020   Code   RO         3091    i.RCC_AHB1PeriphClockCmd  stm32f4xx_rcc.o
    0x0800344c   0x0800344c   0x00000020   Code   RO         3100    i.RCC_APB1PeriphClockCmd  stm32f4xx_rcc.o
    0x0800346c   0x0800346c   0x00000020   Code   RO         3102    i.RCC_APB1PeriphResetCmd  stm32f4xx_rcc.o
    0x0800348c   0x0800348c   0x00000020   Code   RO         3103    i.RCC_APB2PeriphClockCmd  stm32f4xx_rcc.o
    0x080034ac   0x080034ac   0x00000020   Code   RO         3105    i.RCC_APB2PeriphResetCmd  stm32f4xx_rcc.o
    0x080034cc   0x080034cc   0x000000e8   Code   RO         3112    i.RCC_GetClocksFreq  stm32f4xx_rcc.o
    0x080035b4   0x080035b4   0x00000154   Code   RO         6709    i.RC_Init           rc.o
    0x08003708   0x08003708   0x000000ec   Code   RO         6710    i.RemoteDataProcess  rc.o
    0x080037f4   0x080037f4   0x00000120   Code   RO          192    i.SetSysClock       system_stm32f4xx.o
    0x08003914   0x08003914   0x00000160   Code   RO         6415    i.Start_Task        main.o
    0x08003a74   0x08003a74   0x00000028   Code   RO          237    i.SysTick_CLKSourceConfig  misc.o
    0x08003a9c   0x08003a9c   0x00000010   Code   RO         7312    i.SysTick_Handler   freertos_middleware.o
    0x08003aac   0x08003aac   0x00000068   Code   RO          194    i.SystemInit        system_stm32f4xx.o
    0x08003b14   0x08003b14   0x00000110   Code   RO         6892    i.TIM2_Init         timer.o
    0x08003c24   0x08003c24   0x0000003c   Code   RO         7313    i.TIM3_IRQHandler   freertos_middleware.o
    0x08003c60   0x08003c60   0x000000dc   Code   RO         6893    i.TIM3_Init         timer.o
    0x08003d3c   0x08003d3c   0x00000018   Code   RO         4472    i.TIM_ARRPreloadConfig  stm32f4xx_tim.o
    0x08003d54   0x08003d54   0x00000006   Code   RO         4478    i.TIM_ClearFlag     stm32f4xx_tim.o
    0x08003d5a   0x08003d5a   0x00000018   Code   RO         4484    i.TIM_Cmd           stm32f4xx_tim.o
    0x08003d72   0x08003d72   0x0000001e   Code   RO         4486    i.TIM_CtrlPWMOutputs  stm32f4xx_tim.o
    0x08003d90   0x08003d90   0x00000022   Code   RO         4505    i.TIM_GetITStatus   stm32f4xx_tim.o
    0x08003db2   0x08003db2   0x00000012   Code   RO         4509    i.TIM_ITConfig      stm32f4xx_tim.o
    0x08003dc4   0x08003dc4   0x0000007c   Code   RO         4513    i.TIM_OC1Init       stm32f4xx_tim.o
    0x08003e40   0x08003e40   0x00000012   Code   RO         4516    i.TIM_OC1PreloadConfig  stm32f4xx_tim.o
    0x08003e52   0x08003e52   0x00000002   PAD
    0x08003e54   0x08003e54   0x000000a4   Code   RO         4518    i.TIM_OC2Init       stm32f4xx_tim.o
    0x08003ef8   0x08003ef8   0x0000001a   Code   RO         4521    i.TIM_OC2PreloadConfig  stm32f4xx_tim.o
    0x08003f12   0x08003f12   0x00000002   PAD
    0x08003f14   0x08003f14   0x000000a0   Code   RO         4523    i.TIM_OC3Init       stm32f4xx_tim.o
    0x08003fb4   0x08003fb4   0x00000012   Code   RO         4526    i.TIM_OC3PreloadConfig  stm32f4xx_tim.o
    0x08003fc6   0x08003fc6   0x00000002   PAD
    0x08003fc8   0x08003fc8   0x00000078   Code   RO         4528    i.TIM_OC4Init       stm32f4xx_tim.o
    0x08004040   0x08004040   0x0000001a   Code   RO         4530    i.TIM_OC4PreloadConfig  stm32f4xx_tim.o
    0x0800405a   0x0800405a   0x00000004   Code   RO         4546    i.TIM_SetCompare1   stm32f4xx_tim.o
    0x0800405e   0x0800405e   0x00000004   Code   RO         4547    i.TIM_SetCompare2   stm32f4xx_tim.o
    0x08004062   0x08004062   0x00000002   PAD
    0x08004064   0x08004064   0x00000084   Code   RO         4556    i.TIM_TimeBaseInit  stm32f4xx_tim.o
    0x080040e8   0x080040e8   0x0000006c   Code   RO         6923    i.UART7_IRQHandler  usart7.o
    0x08004154   0x08004154   0x00000124   Code   RO         7015    i.UART8_IRQHandler  usart8.o
    0x08004278   0x08004278   0x000000dc   Code   RO         6711    i.USART1_IRQHandler  rc.o
    0x08004354   0x08004354   0x00000012   Code   RO         5034    i.USART_ClearFlag   stm32f4xx_usart.o
    0x08004366   0x08004366   0x00000018   Code   RO         5038    i.USART_Cmd         stm32f4xx_usart.o
    0x0800437e   0x0800437e   0x00000012   Code   RO         5039    i.USART_DMACmd      stm32f4xx_usart.o
    0x08004390   0x08004390   0x000000f0   Code   RO         5040    i.USART_DeInit      stm32f4xx_usart.o
    0x08004480   0x08004480   0x00000054   Code   RO         5042    i.USART_GetITStatus  stm32f4xx_usart.o
    0x080044d4   0x080044d4   0x0000004a   Code   RO         5044    i.USART_ITConfig    stm32f4xx_usart.o
    0x0800451e   0x0800451e   0x00000002   PAD
    0x08004520   0x08004520   0x000000d4   Code   RO         5045    i.USART_Init        stm32f4xx_usart.o
    0x080045f4   0x080045f4   0x0000000a   Code   RO         5052    i.USART_ReceiveData  stm32f4xx_usart.o
    0x080045fe   0x080045fe   0x00000034   Code   RO         7269    i.USART_SendString  maintask.o
    0x08004632   0x08004632   0x00000002   PAD
    0x08004634   0x08004634   0x000001b4   Code   RO         7238    i.UpAndDownTask     upanddowntask.o
    0x080047e8   0x080047e8   0x00000004   Code   RO           18    i.UsageFault_Handler  stm32f4xx_it.o
    0x080047ec   0x080047ec   0x00000014   Code   RO         7426    i.__hardfp_fabs     m_wm.l(fabs.o)
    0x08004800   0x08004800   0x00000004   Code   RO         6924    i._sys_exit         usart7.o
    0x08004804   0x08004804   0x000000b8   Code   RO         6974    i.buzzer_init       buzzer.o
    0x080048bc   0x080048bc   0x00000010   Code   RO         6975    i.buzzer_off        buzzer.o
    0x080048cc   0x080048cc   0x0000001c   Code   RO         6976    i.buzzer_on         buzzer.o
    0x080048e8   0x080048e8   0x0000006c   Code   RO         6514    i.delay_init        delay.o
    0x08004954   0x08004954   0x00000050   Code   RO         6515    i.delay_ms          delay.o
    0x080049a4   0x080049a4   0x000000c0   Code   RO         6558    i.led_configuration  led.o
    0x08004a64   0x08004a64   0x00000014   Code   RO         6559    i.led_green_off     led.o
    0x08004a78   0x08004a78   0x00000014   Code   RO         6562    i.led_red_off       led.o
    0x08004a8c   0x08004a8c   0x00000038   Code   RO         6416    i.main              main.o
    0x08004ac4   0x08004ac4   0x0000007c   Code   RO         5723    i.prvAddCurrentTaskToDelayedList  tasks.o
    0x08004b40   0x08004b40   0x000000b8   Code   RO         5724    i.prvAddNewTaskToReadyList  tasks.o
    0x08004bf8   0x08004bf8   0x00000064   Code   RO         6128    i.prvCheckForValidListAndQueue  timers.o
    0x08004c5c   0x08004c5c   0x00000064   Code   RO         5725    i.prvCheckTasksWaitingTermination  tasks.o
    0x08004cc0   0x08004cc0   0x0000002a   Code   RO         5510    i.prvCopyDataFromQueue  queue.o
    0x08004cea   0x08004cea   0x0000007c   Code   RO         5511    i.prvCopyDataToQueue  queue.o
    0x08004d66   0x08004d66   0x00000012   Code   RO         5726    i.prvDeleteTCB      tasks.o
    0x08004d78   0x08004d78   0x00000028   Code   RO         6129    i.prvGetNextExpireTime  timers.o
    0x08004da0   0x08004da0   0x0000007c   Code   RO         6270    i.prvHeapInit       heap_4.o
    0x08004e1c   0x08004e1c   0x00000028   Code   RO         5727    i.prvIdleTask       tasks.o
    0x08004e44   0x08004e44   0x0000002a   Code   RO         5513    i.prvInitialiseNewQueue  queue.o
    0x08004e6e   0x08004e6e   0x000000b6   Code   RO         5728    i.prvInitialiseNewTask  tasks.o
    0x08004f24   0x08004f24   0x00000068   Code   RO         5729    i.prvInitialiseTaskLists  tasks.o
    0x08004f8c   0x08004f8c   0x00000068   Code   RO         6271    i.prvInsertBlockIntoFreeList  heap_4.o
    0x08004ff4   0x08004ff4   0x00000058   Code   RO         6131    i.prvInsertTimerInActiveList  timers.o
    0x0800504c   0x0800504c   0x0000001a   Code   RO         5514    i.prvIsQueueEmpty   queue.o
    0x08005066   0x08005066   0x0000001e   Code   RO         5515    i.prvIsQueueFull    queue.o
    0x08005084   0x08005084   0x00000064   Code   RO         6132    i.prvProcessExpiredTimer  timers.o
    0x080050e8   0x080050e8   0x000000f8   Code   RO         6133    i.prvProcessReceivedCommands  timers.o
    0x080051e0   0x080051e0   0x00000074   Code   RO         6134    i.prvProcessTimerOrBlockTask  timers.o
    0x08005254   0x08005254   0x00000034   Code   RO         5731    i.prvResetNextTaskUnblockTime  tasks.o
    0x08005288   0x08005288   0x0000002c   Code   RO         6135    i.prvSampleTimeNow  timers.o
    0x080052b4   0x080052b4   0x000000a0   Code   RO         6136    i.prvSwitchTimerLists  timers.o
    0x08005354   0x08005354   0x00000040   Code   RO         6332    i.prvTaskExitError  port.o
    0x08005394   0x08005394   0x0000001a   Code   RO         6137    i.prvTimerTask      timers.o
    0x080053ae   0x080053ae   0x0000007e   Code   RO         5516    i.prvUnlockQueue    queue.o
    0x0800542c   0x0800542c   0x0000013c   Code   RO         6272    i.pvPortMalloc      heap_4.o
    0x08005568   0x08005568   0x00000020   Code   RO         5736    i.pvTaskIncrementMutexHeldCount  tasks.o
    0x08005588   0x08005588   0x0000002c   Code   RO         6333    i.pxPortInitialiseStack  port.o
    0x080055b4   0x080055b4   0x00000028   Code   RO         5461    i.uxListRemove      list.o
    0x080055dc   0x080055dc   0x0000001a   Code   RO         5462    i.vListInitialise   list.o
    0x080055f6   0x080055f6   0x00000006   Code   RO         5463    i.vListInitialiseItem  list.o
    0x080055fc   0x080055fc   0x00000034   Code   RO         5464    i.vListInsert       list.o
    0x08005630   0x08005630   0x00000018   Code   RO         5465    i.vListInsertEnd    list.o
    0x08005648   0x08005648   0x00000054   Code   RO         6335    i.vPortEnterCritical  port.o
    0x0800569c   0x0800569c   0x0000003c   Code   RO         6336    i.vPortExitCritical  port.o
    0x080056d8   0x080056d8   0x00000094   Code   RO         6273    i.vPortFree         heap_4.o
    0x0800576c   0x0800576c   0x00000002   Code   RO         7314    i.vPortSetupTimerInterrupt  freertos_middleware.o
    0x0800576e   0x0800576e   0x00000002   PAD
    0x08005770   0x08005770   0x00000078   Code   RO         6337    i.vPortValidateInterruptPriority  port.o
    0x080057e8   0x080057e8   0x0000002c   Code   RO         5522    i.vQueueAddToRegistry  queue.o
    0x08005814   0x08005814   0x0000004a   Code   RO         5526    i.vQueueWaitForMessageRestricted  queue.o
    0x0800585e   0x0800585e   0x00000002   PAD
    0x08005860   0x08005860   0x0000005c   Code   RO         5745    i.vTaskDelay        tasks.o
    0x080058bc   0x080058bc   0x000000c8   Code   RO         5746    i.vTaskDelete       tasks.o
    0x08005984   0x08005984   0x0000000c   Code   RO         5751    i.vTaskMissedYield  tasks.o
    0x08005990   0x08005990   0x00000038   Code   RO         5753    i.vTaskPlaceOnEventList  tasks.o
    0x080059c8   0x080059c8   0x00000040   Code   RO         5754    i.vTaskPlaceOnEventListRestricted  tasks.o
    0x08005a08   0x08005a08   0x0000008c   Code   RO         5756    i.vTaskPriorityInherit  tasks.o
    0x08005a94   0x08005a94   0x00000030   Code   RO         5760    i.vTaskSetTimeOutState  tasks.o
    0x08005ac4   0x08005ac4   0x00000098   Code   RO         5761    i.vTaskStartScheduler  tasks.o
    0x08005b5c   0x08005b5c   0x00000010   Code   RO         5763    i.vTaskSuspendAll   tasks.o
    0x08005b6c   0x08005b6c   0x000000d0   Code   RO         5764    i.vTaskSwitchContext  tasks.o
    0x08005c3c   0x08005c3c   0x0000013c   Code   RO         6338    i.xPortStartScheduler  port.o
    0x08005d78   0x08005d78   0x00000034   Code   RO         6339    i.xPortSysTickHandler  port.o
    0x08005dac   0x08005dac   0x00000058   Code   RO         5529    i.xQueueGenericCreate  queue.o
    0x08005e04   0x08005e04   0x000001c4   Code   RO         5530    i.xQueueGenericReceive  queue.o
    0x08005fc8   0x08005fc8   0x00000098   Code   RO         5531    i.xQueueGenericReset  queue.o
    0x08006060   0x08006060   0x000001a8   Code   RO         5532    i.xQueueGenericSend  queue.o
    0x08006208   0x08006208   0x000000f8   Code   RO         5533    i.xQueueGenericSendFromISR  queue.o
    0x08006300   0x08006300   0x0000008c   Code   RO         5765    i.xTaskCheckForTimeOut  tasks.o
    0x0800638c   0x0800638c   0x00000060   Code   RO         5766    i.xTaskCreate       tasks.o
    0x080063ec   0x080063ec   0x00000020   Code   RO         5771    i.xTaskGetSchedulerState  tasks.o
    0x0800640c   0x0800640c   0x0000000c   Code   RO         5772    i.xTaskGetTickCount  tasks.o
    0x08006418   0x08006418   0x00000144   Code   RO         5774    i.xTaskIncrementTick  tasks.o
    0x0800655c   0x0800655c   0x000000a4   Code   RO         5777    i.xTaskPriorityDisinherit  tasks.o
    0x08006600   0x08006600   0x00000098   Code   RO         5778    i.xTaskRemoveFromEventList  tasks.o
    0x08006698   0x08006698   0x00000104   Code   RO         5780    i.xTaskResumeAll    tasks.o
    0x0800679c   0x0800679c   0x00000058   Code   RO         6141    i.xTimerCreateTimerTask  timers.o
    0x080067f4   0x080067f4   0x00000084   Code   RO         6142    i.xTimerGenericCommand  timers.o
    0x08006878   0x08006878   0x00000018   Code   RO         7470    x$fpl$dcmpinf       fz_wm.l(dcmpi.o)
    0x08006890   0x08006890   0x00000078   Code   RO         7418    x$fpl$dleqf         fz_wm.l(dleqf.o)
    0x08006908   0x08006908   0x0000009c   Code   RO         7476    x$fpl$dnaninf       fz_wm.l(dnaninf.o)
    0x080069a4   0x080069a4   0x0000000c   Code   RO         7478    x$fpl$dretinf       fz_wm.l(dretinf.o)
    0x080069b0   0x080069b0   0x00000056   Code   RO         7422    x$fpl$f2d           fz_wm.l(f2d.o)
    0x08006a06   0x08006a06   0x0000008c   Code   RO         7482    x$fpl$fnaninf       fz_wm.l(fnaninf.o)
    0x08006a92   0x08006a92   0x0000000a   Code   RO         7621    x$fpl$fpinit        fz_wm.l(fpinit.o)
    0x08006a9c   0x08006a9c   0x00000000   Code   RO         7488    x$fpl$usenofp       fz_wm.l(usenofp.o)
    0x08006a9c   0x08006a9c   0x00000040   Data   RO         7687    Region$$Table       anon$$obj.o


    Execution Region RW_IRAM2 (Exec base: 0x10000000, Load base: 0x08006bb0, Size: 0x00000854, Max: 0x00010000, ABSOLUTE)

    Exec Addr    Load Addr    Size         Type   Attr      Idx    E Section Name        Object

    0x10000000   0x08006bb0   0x00000044   Data   RW         5783    .data               tasks.o
    0x10000044   0x08006bf4   0x00000014   Data   RW         6148    .data               timers.o
    0x10000058   0x08006c08   0x0000000c   Data   RW         6340    .data               port.o
    0x10000064   0x08006c14   0x00000008   Data   RW         6517    .data               delay.o
    0x1000006c   0x08006c1c   0x00000002   Data   RW         6714    .data               rc.o
    0x1000006e   0x08006c1e   0x00000002   PAD
    0x10000070   0x08006c20   0x00000010   Data   RW         6926    .data               usart7.o
    0x10000080   0x08006c30   0x00000002   Data   RW         7126    .data               communicationtask.o
    0x10000082   0x08006c32   0x00000002   PAD
    0x10000084   0x08006c34   0x0000001c   Data   RW         7160    .data               gimbaltask.o
    0x100000a0   0x08006c50   0x00000038   Data   RW         7212    .data               leftandrighttask.o
    0x100000d8        -       0x000002e4   Zero   RW         5782    .bss                tasks.o
    0x100003bc        -       0x00000028   Zero   RW         6147    .bss                timers.o
    0x100003e4        -       0x0000005e   Zero   RW         6713    .bss                rc.o
    0x10000442   0x08006c88   0x00000002   PAD
    0x10000444        -       0x000001e8   Zero   RW         6799    .bss                can_receive.o
    0x1000062c        -       0x00000090   Zero   RW         7097    .bss                chassistask.o
    0x100006bc        -       0x00000120   Zero   RW         7211    .bss                leftandrighttask.o
    0x100007dc        -       0x00000018   Zero   RW         7270    .bss                maintask.o
    0x100007f4        -       0x00000060   Zero   RW         7549    .bss                c_w.l(libspace.o)


    Execution Region RW_IRAM1 (Exec base: 0x20000000, Load base: 0x08006adc, Size: 0x00020858, Max: 0x00030000, ABSOLUTE)

    Exec Addr    Load Addr    Size         Type   Attr      Idx    E Section Name        Object

    0x20000000   0x08006adc   0x00000014   Data   RW          195    .data               system_stm32f4xx.o
    0x20000014   0x08006af0   0x00000010   Data   RW         3144    .data               stm32f4xx_rcc.o
    0x20000024   0x08006b00   0x00000018   Data   RW         6278    .data               heap_4.o
    0x2000003c   0x08006b18   0x00000020   Data   RW         6417    .data               main.o
    0x2000005c   0x08006b38   0x00000002   Data   RW         6800    .data               can_receive.o
    0x2000005e   0x08006b3a   0x00000002   PAD
    0x20000060   0x08006b3c   0x00000010   Data   RW         7021    .data               usart8.o
    0x20000070   0x08006b4c   0x0000001c   Data   RW         7098    .data               chassistask.o
    0x2000008c   0x08006b68   0x00000038   Data   RW         7240    .data               upanddowntask.o
    0x200000c4   0x08006ba0   0x00000004   PAD
    0x200000c8   0x08006ba4   0x0000000c   Data   RW         7315    .data               freertos_middleware.o
    0x200000d4        -       0x00000040   Zero   RW         5541    .bss                queue.o
    0x20000114        -       0x00020000   Zero   RW         6277    .bss                heap_4.o
    0x20020114        -       0x00000148   Zero   RW         7020    .bss                usart8.o
    0x2002025c        -       0x00000048   Zero   RW         7125    .bss                communicationtask.o
    0x200202a4        -       0x00000090   Zero   RW         7159    .bss                gimbaltask.o
    0x20020334        -       0x00000120   Zero   RW         7239    .bss                upanddowntask.o
    0x20020454   0x08006bb0   0x00000004   PAD
    0x20020458        -       0x00000000   Zero   RW            2    HEAP                startup_stm32f427xx.o
    0x20020458        -       0x00000400   Zero   RW            1    STACK               startup_stm32f427xx.o


==============================================================================

Image component sizes


      Code (inc. data)   RO Data    RW Data    ZI Data      Debug   Object Name

       228         20          0          0          0       1935   buzzer.o
       548         16          0          0          0       2130   can.o
      2404        132          0          2        488       9043   can_receive.o
       288         58          0         28        144       1636   chassistask.o
       156         26          0          2         72       3671   communicationtask.o
         0          0          0          0          0       6920   croutine.o
       188         22          0          8          0       1536   delay.o
         0          0          0          0          0      11560   event_groups.o
       106         16          0         12          0       3099   freertos_middleware.o
       240         54          0         28        144       1483   gimbaltask.o
       168         14          0          0          0        635   grabtask.o
       692         62          0         24     131072       4559   heap_4.o
       232         34          0          0          0       1658   led.o
       432         78          0         56        288       2121   leftandrighttask.o
       148          0          0          0          0       3334   list.o
       492        186          0         32          0       6861   main.o
      4226        302          0          0         24       5222   maintask.o
       180         24          0          0          0       2097   misc.o
       592          8          0          0          0       2518   pid.o
       922         84          0         12          0      10642   port.o
      1872         22          0          0         64      16301   queue.o
       796         50          0          2         94       2739   rc.o
        76         28        428          0       1024        888   startup_stm32f427xx.o
      1566         16          0          0          0       6470   stm32f4xx_can.o
       584         40          0          0          0       6788   stm32f4xx_dma.o
       240          0          0          0          0       3551   stm32f4xx_gpio.o
        20          0          0          0          0     324772   stm32f4xx_it.o
       392         48          0         16          0       5893   stm32f4xx_rcc.o
       932         66          0          0          0      11370   stm32f4xx_tim.o
       680         42          0          0          0       6170   stm32f4xx_usart.o
       392         32          0         20          0       1897   system_stm32f4xx.o
      3004        408          0         68        740      31395   tasks.o
       492         16          0          0          0       1712   timer.o
      1142        118          0         20         40      17267   timers.o
       436         78          0         56        288       2074   upanddowntask.o
       288         26          0         16          0       3760   usart7.o
       292         46          0         16        328       3725   usart8.o

    ----------------------------------------------------------------------
     25472       2172        492        428     134816     529432   Object Totals
         0          0         64          0          0          0   (incl. Generated)
        26          0          0         10          6          0   (incl. Padding)

    ----------------------------------------------------------------------

      Code (inc. data)   RO Data    RW Data    ZI Data      Debug   Library Member Name

        90          0          0          0          0          0   __dczerorl2.o
         8          0          0          0          0         68   __main.o
         0          0          0          0          0          0   __rtentry.o
        12          0          0          0          0          0   __rtentry2.o
         6          0          0          0          0          0   __rtentry4.o
        52          8          0          0          0          0   __scatter.o
        26          0          0          0          0          0   __scatter_copy.o
        28          0          0          0          0          0   __scatter_zi.o
        16          0          0          0          0         68   aeabi_memset.o
        18          0          0          0          0         80   exit.o
         6          0          0          0          0        152   heapauxi.o
         2          0          0          0          0          0   libinit.o
         6          0          0          0          0          0   libinit2.o
         2          0          0          0          0          0   libshutdown.o
         2          0          0          0          0          0   libshutdown2.o
         8          4          0          0         96         68   libspace.o
        68          0          0          0          0         68   rt_memclr.o
        78          0          0          0          0         80   rt_memclr_w.o
       138          0          0          0          0         68   rt_memcpy_v6.o
       100          0          0          0          0         80   rt_memcpy_w.o
         2          0          0          0          0          0   rtexit.o
        10          0          0          0          0          0   rtexit2.o
        62          0          0          0          0         76   strlen.o
        74          0          0          0          0         80   sys_stackheap_outer.o
         2          0          0          0          0         68   use_no_semi.o
         2          0          0          0          0         68   use_no_semi_2.o
        24          0          0          0          0        116   dcmpi.o
       120          4          0          0          0        140   dleqf.o
       156          4          0          0          0        140   dnaninf.o
        12          0          0          0          0        116   dretinf.o
        86          4          0          0          0        132   f2d.o
       140          4          0          0          0        132   fnaninf.o
        10          0          0          0          0        116   fpinit.o
         0          0          0          0          0          0   usenofp.o
        20          0          0          0          0        124   fabs.o

    ----------------------------------------------------------------------
      1392         28          0          0         96       2040   Library Totals
         6          0          0          0          0          0   (incl. Padding)

    ----------------------------------------------------------------------

      Code (inc. data)   RO Data    RW Data    ZI Data      Debug   Library Name

       818         12          0          0         96       1024   c_w.l
       548         16          0          0          0        892   fz_wm.l
        20          0          0          0          0        124   m_wm.l

    ----------------------------------------------------------------------
      1392         28          0          0         96       2040   Library Totals

    ----------------------------------------------------------------------

==============================================================================


      Code (inc. data)   RO Data    RW Data    ZI Data      Debug   

     26864       2200        492        428     134912     513372   Grand Totals
     26864       2200        492        428     134912     513372   ELF Image Totals
     26864       2200        492        428          0          0   ROM Totals

==============================================================================

    Total RO  Size (Code + RO Data)                27356 (  26.71kB)
    Total RW  Size (RW Data + ZI Data)            135340 ( 132.17kB)
    Total ROM Size (Code + RO Data + RW Data)      27784 (  27.13kB)

==============================================================================

