<html>
<body>
<pre>
<h1>礦ision Build Log</h1>
<h2>Tool Versions:</h2>
IDE-Version: μVision V5.38.0.0
Copyright (C) 2022 ARM Ltd and ARM Germany GmbH. All rights reserved.
License Information: W JC, CCZU, LIC=MPPLD-89A6X-45QT5-GA025-D0AQW-59N28
 
Tool Versions:
Toolchain:       MDK-ARM Plus  Version: 5.38.0.0
Toolchain Path:  D:\Keil_v5\ARM\ARMCC\Bin
C Compiler:      Armcc.exe V5.06 update 7 (build 960)
Assembler:       Armasm.exe V5.06 update 7 (build 960)
Linker/Locator:  ArmLink.exe V5.06 update 7 (build 960)
Library Manager: ArmAr.exe V5.06 update 7 (build 960)
Hex Converter:   FromElf.exe V5.06 update 7 (build 960)
CPU DLL:         SARMCM3.DLL V5.38.0.0
Dialog DLL:      DCM.DLL V1.17.5.0
Target DLL:      CMSIS_AGDI.dll V1.33.15.0
Dialog DLL:      TCM.DLL V1.56.4.0
 
<h2>Project:</h2>
E:\2023起重机\起重机 电控程序 7.25 - 国赛\Project\standard.uvprojx
Project File Date:  08/26/2023

<h2>Output:</h2>
*** Using Compiler 'V5.06 update 7 (build 960)', folder: 'D:\Keil_v5\ARM\ARMCC\Bin'
Rebuild target 'standard'
assembling startup_stm32f427xx.s...
compiling stm32f4xx_cryp_aes.c...
..\CMSIS\stm32f4xx.h(113): warning:  #47-D: incompatible redefinition of macro "STM32F427_437xx" 
    #define STM32F427_437xx
..\FWLIB\src\stm32f4xx_cryp_aes.c: 1 warning, 0 errors
compiling system_stm32f4xx.c...
..\CMSIS\stm32f4xx.h(113): warning:  #47-D: incompatible redefinition of macro "STM32F427_437xx" 
    #define STM32F427_437xx
..\CMSIS\system_stm32f4xx.c: 1 warning, 0 errors
compiling stm32f4xx_cryp_des.c...
..\CMSIS\stm32f4xx.h(113): warning:  #47-D: incompatible redefinition of macro "STM32F427_437xx" 
    #define STM32F427_437xx
..\FWLIB\src\stm32f4xx_cryp_des.c: 1 warning, 0 errors
compiling stm32f4xx_cec.c...
..\CMSIS\stm32f4xx.h(113): warning:  #47-D: incompatible redefinition of macro "STM32F427_437xx" 
    #define STM32F427_437xx
..\FWLIB\src\stm32f4xx_cec.c: 1 warning, 0 errors
compiling stm32f4xx_cryp_tdes.c...
..\CMSIS\stm32f4xx.h(113): warning:  #47-D: incompatible redefinition of macro "STM32F427_437xx" 
    #define STM32F427_437xx
..\FWLIB\src\stm32f4xx_cryp_tdes.c: 1 warning, 0 errors
compiling stm32f4xx_it.c...
..\CMSIS\stm32f4xx.h(113): warning:  #47-D: incompatible redefinition of macro "STM32F427_437xx" 
    #define STM32F427_437xx
..\CMSIS\stm32f4xx_it.c: 1 warning, 0 errors
compiling stm32f4xx_dfsdm.c...
..\CMSIS\stm32f4xx.h(113): warning:  #47-D: incompatible redefinition of macro "STM32F427_437xx" 
    #define STM32F427_437xx
..\FWLIB\src\stm32f4xx_dfsdm.c: 1 warning, 0 errors
compiling misc.c...
..\CMSIS\stm32f4xx.h(113): warning:  #47-D: incompatible redefinition of macro "STM32F427_437xx" 
    #define STM32F427_437xx
..\FWLIB\src\misc.c: 1 warning, 0 errors
compiling stm32f4xx_crc.c...
..\CMSIS\stm32f4xx.h(113): warning:  #47-D: incompatible redefinition of macro "STM32F427_437xx" 
    #define STM32F427_437xx
..\FWLIB\src\stm32f4xx_crc.c: 1 warning, 0 errors
compiling stm32f4xx_dbgmcu.c...
..\CMSIS\stm32f4xx.h(113): warning:  #47-D: incompatible redefinition of macro "STM32F427_437xx" 
    #define STM32F427_437xx
..\FWLIB\src\stm32f4xx_dbgmcu.c: 1 warning, 0 errors
compiling stm32f4xx_dac.c...
..\CMSIS\stm32f4xx.h(113): warning:  #47-D: incompatible redefinition of macro "STM32F427_437xx" 
    #define STM32F427_437xx
..\FWLIB\src\stm32f4xx_dac.c: 1 warning, 0 errors
compiling stm32f4xx_dcmi.c...
..\CMSIS\stm32f4xx.h(113): warning:  #47-D: incompatible redefinition of macro "STM32F427_437xx" 
    #define STM32F427_437xx
..\FWLIB\src\stm32f4xx_dcmi.c: 1 warning, 0 errors
compiling stm32f4xx_adc.c...
..\CMSIS\stm32f4xx.h(113): warning:  #47-D: incompatible redefinition of macro "STM32F427_437xx" 
    #define STM32F427_437xx
..\FWLIB\src\stm32f4xx_adc.c: 1 warning, 0 errors
compiling stm32f4xx_cryp.c...
..\CMSIS\stm32f4xx.h(113): warning:  #47-D: incompatible redefinition of macro "STM32F427_437xx" 
    #define STM32F427_437xx
..\FWLIB\src\stm32f4xx_cryp.c: 1 warning, 0 errors
compiling stm32f4xx_can.c...
..\CMSIS\stm32f4xx.h(113): warning:  #47-D: incompatible redefinition of macro "STM32F427_437xx" 
    #define STM32F427_437xx
..\FWLIB\src\stm32f4xx_can.c: 1 warning, 0 errors
compiling stm32f4xx_dsi.c...
..\CMSIS\stm32f4xx.h(113): warning:  #47-D: incompatible redefinition of macro "STM32F427_437xx" 
    #define STM32F427_437xx
..\FWLIB\src\stm32f4xx_dsi.c: 1 warning, 0 errors
compiling stm32f4xx_dma.c...
..\CMSIS\stm32f4xx.h(113): warning:  #47-D: incompatible redefinition of macro "STM32F427_437xx" 
    #define STM32F427_437xx
..\FWLIB\src\stm32f4xx_dma.c: 1 warning, 0 errors
compiling stm32f4xx_dma2d.c...
..\CMSIS\stm32f4xx.h(113): warning:  #47-D: incompatible redefinition of macro "STM32F427_437xx" 
    #define STM32F427_437xx
..\FWLIB\src\stm32f4xx_dma2d.c: 1 warning, 0 errors
compiling stm32f4xx_exti.c...
..\CMSIS\stm32f4xx.h(113): warning:  #47-D: incompatible redefinition of macro "STM32F427_437xx" 
    #define STM32F427_437xx
..\FWLIB\src\stm32f4xx_exti.c: 1 warning, 0 errors
compiling stm32f4xx_flash_ramfunc.c...
..\CMSIS\stm32f4xx.h(113): warning:  #47-D: incompatible redefinition of macro "STM32F427_437xx" 
    #define STM32F427_437xx
..\FWLIB\src\stm32f4xx_flash_ramfunc.c: 1 warning, 0 errors
compiling stm32f4xx_fmpi2c.c...
..\CMSIS\stm32f4xx.h(113): warning:  #47-D: incompatible redefinition of macro "STM32F427_437xx" 
    #define STM32F427_437xx
..\FWLIB\src\stm32f4xx_fmpi2c.c: 1 warning, 0 errors
compiling stm32f4xx_flash.c...
..\CMSIS\stm32f4xx.h(113): warning:  #47-D: incompatible redefinition of macro "STM32F427_437xx" 
    #define STM32F427_437xx
..\FWLIB\src\stm32f4xx_flash.c: 1 warning, 0 errors
compiling stm32f4xx_hash.c...
..\CMSIS\stm32f4xx.h(113): warning:  #47-D: incompatible redefinition of macro "STM32F427_437xx" 
    #define STM32F427_437xx
..\FWLIB\src\stm32f4xx_hash.c: 1 warning, 0 errors
compiling stm32f4xx_gpio.c...
..\CMSIS\stm32f4xx.h(113): warning:  #47-D: incompatible redefinition of macro "STM32F427_437xx" 
    #define STM32F427_437xx
..\FWLIB\src\stm32f4xx_gpio.c: 1 warning, 0 errors
compiling stm32f4xx_hash_sha1.c...
..\CMSIS\stm32f4xx.h(113): warning:  #47-D: incompatible redefinition of macro "STM32F427_437xx" 
    #define STM32F427_437xx
..\FWLIB\src\stm32f4xx_hash_sha1.c: 1 warning, 0 errors
compiling stm32f4xx_fmc.c...
..\CMSIS\stm32f4xx.h(113): warning:  #47-D: incompatible redefinition of macro "STM32F427_437xx" 
    #define STM32F427_437xx
..\FWLIB\src\stm32f4xx_fmc.c: 1 warning, 0 errors
compiling stm32f4xx_iwdg.c...
..\CMSIS\stm32f4xx.h(113): warning:  #47-D: incompatible redefinition of macro "STM32F427_437xx" 
    #define STM32F427_437xx
..\FWLIB\src\stm32f4xx_iwdg.c: 1 warning, 0 errors
compiling stm32f4xx_hash_md5.c...
..\CMSIS\stm32f4xx.h(113): warning:  #47-D: incompatible redefinition of macro "STM32F427_437xx" 
    #define STM32F427_437xx
..\FWLIB\src\stm32f4xx_hash_md5.c: 1 warning, 0 errors
compiling stm32f4xx_i2c.c...
..\CMSIS\stm32f4xx.h(113): warning:  #47-D: incompatible redefinition of macro "STM32F427_437xx" 
    #define STM32F427_437xx
..\FWLIB\src\stm32f4xx_i2c.c: 1 warning, 0 errors
compiling stm32f4xx_lptim.c...
..\CMSIS\stm32f4xx.h(113): warning:  #47-D: incompatible redefinition of macro "STM32F427_437xx" 
    #define STM32F427_437xx
..\FWLIB\src\stm32f4xx_lptim.c: 1 warning, 0 errors
compiling stm32f4xx_pwr.c...
..\CMSIS\stm32f4xx.h(113): warning:  #47-D: incompatible redefinition of macro "STM32F427_437xx" 
    #define STM32F427_437xx
..\FWLIB\src\stm32f4xx_pwr.c: 1 warning, 0 errors
compiling stm32f4xx_qspi.c...
..\CMSIS\stm32f4xx.h(113): warning:  #47-D: incompatible redefinition of macro "STM32F427_437xx" 
    #define STM32F427_437xx
..\FWLIB\src\stm32f4xx_qspi.c: 1 warning, 0 errors
compiling stm32f4xx_ltdc.c...
..\CMSIS\stm32f4xx.h(113): warning:  #47-D: incompatible redefinition of macro "STM32F427_437xx" 
    #define STM32F427_437xx
..\FWLIB\src\stm32f4xx_ltdc.c: 1 warning, 0 errors
compiling stm32f4xx_rng.c...
..\CMSIS\stm32f4xx.h(113): warning:  #47-D: incompatible redefinition of macro "STM32F427_437xx" 
    #define STM32F427_437xx
..\FWLIB\src\stm32f4xx_rng.c: 1 warning, 0 errors
compiling stm32f4xx_sai.c...
..\CMSIS\stm32f4xx.h(113): warning:  #47-D: incompatible redefinition of macro "STM32F427_437xx" 
    #define STM32F427_437xx
..\FWLIB\src\stm32f4xx_sai.c: 1 warning, 0 errors
compiling stm32f4xx_sdio.c...
..\CMSIS\stm32f4xx.h(113): warning:  #47-D: incompatible redefinition of macro "STM32F427_437xx" 
    #define STM32F427_437xx
..\FWLIB\src\stm32f4xx_sdio.c: 1 warning, 0 errors
compiling stm32f4xx_rcc.c...
..\CMSIS\stm32f4xx.h(113): warning:  #47-D: incompatible redefinition of macro "STM32F427_437xx" 
    #define STM32F427_437xx
..\FWLIB\src\stm32f4xx_rcc.c: 1 warning, 0 errors
compiling stm32f4xx_wwdg.c...
..\CMSIS\stm32f4xx.h(113): warning:  #47-D: incompatible redefinition of macro "STM32F427_437xx" 
    #define STM32F427_437xx
..\FWLIB\src\stm32f4xx_wwdg.c: 1 warning, 0 errors
compiling stm32f4xx_spdifrx.c...
..\CMSIS\stm32f4xx.h(113): warning:  #47-D: incompatible redefinition of macro "STM32F427_437xx" 
    #define STM32F427_437xx
..\FWLIB\src\stm32f4xx_spdifrx.c: 1 warning, 0 errors
compiling stm32f4xx_spi.c...
..\CMSIS\stm32f4xx.h(113): warning:  #47-D: incompatible redefinition of macro "STM32F427_437xx" 
    #define STM32F427_437xx
..\FWLIB\src\stm32f4xx_spi.c: 1 warning, 0 errors
compiling stm32f4xx_syscfg.c...
..\CMSIS\stm32f4xx.h(113): warning:  #47-D: incompatible redefinition of macro "STM32F427_437xx" 
    #define STM32F427_437xx
..\FWLIB\src\stm32f4xx_syscfg.c: 1 warning, 0 errors
compiling stm32f4xx_usart.c...
..\CMSIS\stm32f4xx.h(113): warning:  #47-D: incompatible redefinition of macro "STM32F427_437xx" 
    #define STM32F427_437xx
..\FWLIB\src\stm32f4xx_usart.c: 1 warning, 0 errors
compiling croutine.c...
..\CMSIS\stm32f4xx.h(113): warning:  #47-D: incompatible redefinition of macro "STM32F427_437xx" 
    #define STM32F427_437xx
..\user\FreeRTOS\croutine.c: 1 warning, 0 errors
compiling stm32f4xx_rtc.c...
..\CMSIS\stm32f4xx.h(113): warning:  #47-D: incompatible redefinition of macro "STM32F427_437xx" 
    #define STM32F427_437xx
..\FWLIB\src\stm32f4xx_rtc.c: 1 warning, 0 errors
compiling stm32f4xx_tim.c...
..\CMSIS\stm32f4xx.h(113): warning:  #47-D: incompatible redefinition of macro "STM32F427_437xx" 
    #define STM32F427_437xx
..\FWLIB\src\stm32f4xx_tim.c: 1 warning, 0 errors
compiling list.c...
..\CMSIS\stm32f4xx.h(113): warning:  #47-D: incompatible redefinition of macro "STM32F427_437xx" 
    #define STM32F427_437xx
..\user\FreeRTOS\list.c: 1 warning, 0 errors
compiling event_groups.c...
..\CMSIS\stm32f4xx.h(113): warning:  #47-D: incompatible redefinition of macro "STM32F427_437xx" 
    #define STM32F427_437xx
..\user\FreeRTOS\event_groups.c: 1 warning, 0 errors
compiling queue.c...
..\CMSIS\stm32f4xx.h(113): warning:  #47-D: incompatible redefinition of macro "STM32F427_437xx" 
    #define STM32F427_437xx
..\user\FreeRTOS\queue.c: 1 warning, 0 errors
compiling delay.c...
..\CMSIS\stm32f4xx.h(113): warning:  #47-D: incompatible redefinition of macro "STM32F427_437xx" 
    #define STM32F427_437xx
..\user\hardware\delay\delay.c: 1 warning, 0 errors
compiling led.c...
..\CMSIS\stm32f4xx.h(113): warning:  #47-D: incompatible redefinition of macro "STM32F427_437xx" 
    #define STM32F427_437xx
..\user\hardware\led\led.c: 1 warning, 0 errors
compiling timers.c...
..\CMSIS\stm32f4xx.h(113): warning:  #47-D: incompatible redefinition of macro "STM32F427_437xx" 
    #define STM32F427_437xx
..\user\FreeRTOS\timers.c: 1 warning, 0 errors
compiling port.c...
..\CMSIS\stm32f4xx.h(113): warning:  #47-D: incompatible redefinition of macro "STM32F427_437xx" 
    #define STM32F427_437xx
..\user\FreeRTOS\portable\RVDS\ARM_CM4F\port.c: 1 warning, 0 errors
compiling heap_4.c...
..\CMSIS\stm32f4xx.h(113): warning:  #47-D: incompatible redefinition of macro "STM32F427_437xx" 
    #define STM32F427_437xx
..\user\FreeRTOS\portable\MemMang\heap_4.c: 1 warning, 0 errors
compiling sys.c...
..\CMSIS\stm32f4xx.h(113): warning:  #47-D: incompatible redefinition of macro "STM32F427_437xx" 
    #define STM32F427_437xx
..\user\hardware\sys\sys.c: 1 warning, 0 errors
compiling tasks.c...
..\CMSIS\stm32f4xx.h(113): warning:  #47-D: incompatible redefinition of macro "STM32F427_437xx" 
    #define STM32F427_437xx
..\user\FreeRTOS\tasks.c: 1 warning, 0 errors
compiling pid.c...
..\CMSIS\stm32f4xx.h(113): warning:  #47-D: incompatible redefinition of macro "STM32F427_437xx" 
    #define STM32F427_437xx
..\user\hardware\pid\pid.c: 1 warning, 0 errors
compiling rc.c...
..\CMSIS\stm32f4xx.h(113): warning:  #47-D: incompatible redefinition of macro "STM32F427_437xx" 
    #define STM32F427_437xx
..\user\hardware\rc\rc.c: 1 warning, 0 errors
compiling can.c...
..\CMSIS\stm32f4xx.h(113): warning:  #47-D: incompatible redefinition of macro "STM32F427_437xx" 
    #define STM32F427_437xx
..\user\hardware\can\can.c: 1 warning, 0 errors
compiling can_receive.c...
..\CMSIS\stm32f4xx.h(113): warning:  #47-D: incompatible redefinition of macro "STM32F427_437xx" 
    #define STM32F427_437xx
..\user\hardware\can_receive\can_receive.c: 1 warning, 0 errors
compiling main.c...
..\CMSIS\stm32f4xx.h(113): warning:  #47-D: incompatible redefinition of macro "STM32F427_437xx" 
    #define STM32F427_437xx
..\user\main.c: 1 warning, 0 errors
compiling timer.c...
..\CMSIS\stm32f4xx.h(113): warning:  #47-D: incompatible redefinition of macro "STM32F427_437xx" 
    #define STM32F427_437xx
..\user\hardware\timer\timer.c: 1 warning, 0 errors
compiling usart7.c...
..\CMSIS\stm32f4xx.h(113): warning:  #47-D: incompatible redefinition of macro "STM32F427_437xx" 
    #define STM32F427_437xx
..\user\hardware\usart\usart7.c: 1 warning, 0 errors
compiling buzzer.c...
..\CMSIS\stm32f4xx.h(113): warning:  #47-D: incompatible redefinition of macro "STM32F427_437xx" 
    #define STM32F427_437xx
..\user\hardware\buzzer\buzzer.c: 1 warning, 0 errors
compiling usart8.c...
..\CMSIS\stm32f4xx.h(113): warning:  #47-D: incompatible redefinition of macro "STM32F427_437xx" 
    #define STM32F427_437xx
..\user\hardware\usart8\usart8.c: 1 warning, 0 errors
compiling CommunicationTask.c...
..\CMSIS\stm32f4xx.h(113): warning:  #47-D: incompatible redefinition of macro "STM32F427_437xx" 
    #define STM32F427_437xx
..\user\APP\CommunicationTask\CommunicationTask.c: 1 warning, 0 errors
compiling GrabTask.c...
..\CMSIS\stm32f4xx.h(113): warning:  #47-D: incompatible redefinition of macro "STM32F427_437xx" 
    #define STM32F427_437xx
..\user\APP\GrabTask\GrabTask.c: 1 warning, 0 errors
compiling LeftAndRightTask.c...
..\CMSIS\stm32f4xx.h(113): warning:  #47-D: incompatible redefinition of macro "STM32F427_437xx" 
    #define STM32F427_437xx
..\user\APP\LeftAndRightTask\LeftAndRightTask.c: 1 warning, 0 errors
compiling ChassisTask.c...
..\CMSIS\stm32f4xx.h(113): warning:  #47-D: incompatible redefinition of macro "STM32F427_437xx" 
    #define STM32F427_437xx
..\user\APP\ChassisTask\ChassisTask.c: 1 warning, 0 errors
compiling UpAndDownTask.c...
..\CMSIS\stm32f4xx.h(113): warning:  #47-D: incompatible redefinition of macro "STM32F427_437xx" 
    #define STM32F427_437xx
..\user\APP\UpAndDownTask\UpAndDownTask.c: 1 warning, 0 errors
compiling FreeRTOS_middleware.c...
..\CMSIS\stm32f4xx.h(113): warning:  #47-D: incompatible redefinition of macro "STM32F427_437xx" 
    #define STM32F427_437xx
..\user\FreeRTOS_middleware\FreeRTOS_middleware.c: 1 warning, 0 errors
compiling GimbalTask.c...
..\CMSIS\stm32f4xx.h(113): warning:  #47-D: incompatible redefinition of macro "STM32F427_437xx" 
    #define STM32F427_437xx
..\user\APP\GimbalTask\GimbalTask.c: 1 warning, 0 errors
compiling MainTask.c...
..\CMSIS\stm32f4xx.h(113): warning:  #47-D: incompatible redefinition of macro "STM32F427_437xx" 
    #define STM32F427_437xx
..\user\APP\MainTask\MainTask.c: 1 warning, 0 errors
linking...
Program Size: Code=26864 RO-data=492 RW-data=428 ZI-data=134912  
".\Objects\standard.axf" - 0 Error(s), 72 Warning(s).

<h2>Software Packages used:</h2>

Package Vendor: Keil
                http://www.keil.com/pack/Keil.STM32F4xx_DFP.1.0.8.pack
                Keil.STM32F4xx_DFP.1.0.8
                STMicroelectronics STM32F4 Series Device Support, Drivers and Examples

<h2>Collection of Component include folders:</h2>
  D:/Keil_Packs/Keil/STM32F4xx_DFP/1.0.8/Device/Include

<h2>Collection of Component Files used:</h2>
Build Time Elapsed:  00:00:04
</pre>
</body>
</html>
